Archive member included to satisfy reference by file (symbol)

/opt/devkitpro/libctru/lib/libcitro2d.a(base.o)
                              main.o (C2D_Init)
/opt/devkitpro/libctru/lib/libcitro2d.a(render2d.shbin.o)
                              /opt/devkitpro/libctru/lib/libcitro2d.a(base.o) (render2d_shbin)
/opt/devkitpro/libctru/lib/libcitro3d.a(base.o)
                              main.o (C3D_Init)
/opt/devkitpro/libctru/lib/libcitro3d.a(renderqueue.o)
                              /opt/devkitpro/libctru/lib/libcitro3d.a(base.o) (C3Di_RenderQueueEnableVBlank)
/opt/devkitpro/libctru/lib/libcitro3d.a(texture.o)
                              /opt/devkitpro/libctru/lib/libcitro2d.a(base.o) (C3D_TexBind)
/opt/devkitpro/libctru/lib/libcitro3d.a(framebuffer.o)
                              /opt/devkitpro/libctru/lib/libcitro3d.a(renderqueue.o) (C3D_CalcColorBufSize)
/opt/devkitpro/libctru/lib/libcitro3d.a(texenv.o)
                              /opt/devkitpro/libctru/lib/libcitro2d.a(base.o) (C3D_GetTexEnv)
/opt/devkitpro/libctru/lib/libcitro3d.a(drawElements.o)
                              /opt/devkitpro/libctru/lib/libcitro2d.a(base.o) (C3D_DrawElements)
/opt/devkitpro/libctru/lib/libcitro3d.a(proctex.o)
                              /opt/devkitpro/libctru/lib/libcitro2d.a(base.o) (C3D_ProcTexInit)
/opt/devkitpro/libctru/lib/libcitro3d.a(buffers.o)
                              /opt/devkitpro/libctru/lib/libcitro2d.a(base.o) (BufInfo_Init)
/opt/devkitpro/libctru/lib/libcitro3d.a(effect.o)
                              /opt/devkitpro/libctru/lib/libcitro3d.a(base.o) (C3D_DepthMap)
/opt/devkitpro/libctru/lib/libcitro3d.a(attribs.o)
                              /opt/devkitpro/libctru/lib/libcitro2d.a(base.o) (AttrInfo_Init)
/opt/devkitpro/libctru/lib/libcitro3d.a(immediate.o)
                              /opt/devkitpro/libctru/lib/libcitro3d.a(base.o) (C3D_ImmSendAttrib)
/opt/devkitpro/libctru/lib/libcitro3d.a(uniforms.o)
                              /opt/devkitpro/libctru/lib/libcitro3d.a(base.o) (C3D_UpdateUniforms)
/opt/devkitpro/libctru/lib/libcitro3d.a(mtx_ortho.o)
                              /opt/devkitpro/libctru/lib/libcitro2d.a(base.o) (Mtx_Ortho)
/opt/devkitpro/libctru/lib/libcitro3d.a(mtx_scale.o)
                              /opt/devkitpro/libctru/lib/libcitro2d.a(base.o) (Mtx_Scale)
/opt/devkitpro/libctru/lib/libcitro3d.a(mtx_multiply.o)
                              /opt/devkitpro/libctru/lib/libcitro2d.a(base.o) (Mtx_Multiply)
/opt/devkitpro/libctru/lib/libcitro3d.a(mtx_orthotilt.o)
                              /opt/devkitpro/libctru/lib/libcitro2d.a(base.o) (Mtx_OrthoTilt)
/opt/devkitpro/libctru/lib/libcitro3d.a(mtx_translate.o)
                              /opt/devkitpro/libctru/lib/libcitro2d.a(base.o) (Mtx_Translate)
/opt/devkitpro/libctru/lib/libcitro3d.a(mtx_rotatez.o)
                              /opt/devkitpro/libctru/lib/libcitro2d.a(base.o) (Mtx_RotateZ)
/opt/devkitpro/libctru/lib/libctru.a(vram.o)
                              /opt/devkitpro/libctru/lib/libcitro3d.a(renderqueue.o) (vramAlloc)
/opt/devkitpro/libctru/lib/libctru.a(linear.o)
                              /opt/devkitpro/libctru/lib/libcitro2d.a(base.o) (linearAlloc)
/opt/devkitpro/libctru/lib/libctru.a(mem_pool.o)
                              /opt/devkitpro/libctru/lib/libctru.a(vram.o) (MemPool::Allocate(MemChunk&, unsigned long, int))
/opt/devkitpro/libctru/lib/libctru.a(os.o)
                              /opt/devkitpro/libctru/lib/libcitro3d.a(texture.o) (osConvertVirtToPhys)
/opt/devkitpro/libctru/lib/libctru.a(console.o)
                              main.o (consoleInit)
/opt/devkitpro/libctru/lib/libctru.a(gfx.o)
                              /opt/devkitpro/libctru/lib/libcitro2d.a(base.o) (gfxIsWide)
/opt/devkitpro/libctru/lib/libctru.a(shaderProgram.o)
                              /opt/devkitpro/libctru/lib/libcitro2d.a(base.o) (shaderInstanceGetUniformLocation)
/opt/devkitpro/libctru/lib/libctru.a(shbin.o)
                              /opt/devkitpro/libctru/lib/libcitro2d.a(base.o) (DVLB_ParseFile)
/opt/devkitpro/libctru/lib/libctru.a(gx.o)
                              /opt/devkitpro/libctru/lib/libcitro3d.a(renderqueue.o) (GX_BindQueue)
/opt/devkitpro/libctru/lib/libctru.a(gxqueue.o)
                              /opt/devkitpro/libctru/lib/libcitro3d.a(renderqueue.o) (gxCmdQueueClear)
/opt/devkitpro/libctru/lib/libctru.a(gpu.o)
                              /opt/devkitpro/libctru/lib/libcitro3d.a(base.o) (gpuCmdBufOffset)
/opt/devkitpro/libctru/lib/libctru.a(gspgpu.o)
                              /opt/devkitpro/libctru/lib/libctru.a(gfx.o) (gspInit)
/opt/devkitpro/libctru/lib/libctru.a(apt.o)
                              /opt/devkitpro/libctru/lib/libcitro3d.a(base.o) (aptHook)
/opt/devkitpro/libctru/lib/libctru.a(hid.o)
                              main.o (hidScanInput)
/opt/devkitpro/libctru/lib/libctru.a(ptmsysm.o)
[...]
Memory Configuration

Name             Origin             Length             Attributes
*default*        0x0000000000000000 0xffffffffffffffff

Linker script and memory map

                0x0000000000100000                PROVIDE (__start__ = 0x100000)
                0x0000000000100000                . = __start__

.text           0x0000000000100000    0x26d18
 *(.crt0)
 .crt0          0x0000000000100000       0x94 /opt/devkitpro/devkitARM/bin/../lib/gcc/arm-none-eabi/12.1.0/../../../../arm-none-eabi/lib/armv6k/fpu/3dsx_crt0.o
                0x0000000000100000                _start
                0x0000000000100008                __service_ptr
                0x000000000010000c                __apt_appid
                0x0000000000100010                __heap_size
                0x0000000000100014                __linear_heap_size
                0x0000000000100018                __system_arglist
                0x000000000010001c                __system_runflags
 *(.init)
 .init          0x0000000000100094        0xc /opt/devkitpro/devkitARM/bin/../lib/gcc/arm-none-eabi/12.1.0/armv6k/fpu/crti.o
                0x0000000000100094                _init
 .init          0x00000000001000a0        0xc /opt/devkitpro/devkitARM/bin/../lib/gcc/arm-none-eabi/12.1.0/armv6k/fpu/crtn.o
                0x00000000001000ac                . = ALIGN (0x4)
 *(.text)
 .text          0x00000000001000ac      0x240 /opt/devkitpro/devkitARM/bin/../lib/gcc/arm-none-eabi/12.1.0/armv6k/fpu/libgcc.a(_divsi3.o)
                0x00000000001000ac                __aeabi_idiv
                0x00000000001000ac                __divsi3
                0x00000000001002cc                __aeabi_idivmod
 .text          0x00000000001002ec        0x4 /opt/devkitpro/devkitARM/bin/../lib/gcc/arm-none-eabi/12.1.0/armv6k/fpu/libgcc.a(_dvmd_tls.o)
                0x00000000001002ec                __aeabi_ldiv0
                0x00000000001002ec                __aeabi_idiv0
 .text          0x00000000001002f0      0x3c0 /opt/devkitpro/devkitARM/bin/../lib/gcc/arm-none-eabi/12.1.0/armv6k/fpu/libgcc.a(_arm_addsubdf3.o)
                0x00000000001002f0                __aeabi_drsub
                0x00000000001002f8                __aeabi_dsub
                0x00000000001002f8                __subdf3
                0x00000000001002fc                __adddf3
                0x00000000001002fc                __aeabi_dadd
                0x00000000001005a8                __aeabi_ui2d
                0x00000000001005a8                __floatunsidf
                0x00000000001005cc                __floatsidf
                0x00000000001005cc                __aeabi_i2d
                0x00000000001005f4                __extendsfdf2
                0x00000000001005f4                __aeabi_f2d
                0x000000000010063c                __aeabi_ul2d
                0x000000000010063c                __floatundidf
                0x0000000000100650                __floatdidf
                0x0000000000100650                __aeabi_l2d
 .text          0x00000000001006b0       0x3c /opt/devkitpro/devkitARM/bin/../lib/gcc/arm-none-eabi/12.1.0/armv6k/fpu/libgcc.a(_aeabi_uldivmod.o)
                0x00000000001006b0                __aeabi_uldivmod
 *fill*         0x00000000001006ec       0x14 
 .text          0x0000000000100700      0x390 /opt/devkitpro/devkitARM/bin/../lib/gcc/arm-none-eabi/12.1.0/../../../../arm-none-eabi/lib/armv6k/fpu/libg.a(lib_a-strcmp.o)
                0x0000000000100708                strcmp
 .text          0x0000000000100a90      0x20c /opt/devkitpro/devkitARM/bin/../lib/gcc/arm-none-eabi/12.1.0/armv6k/fpu/libgcc.a(_udivsi3.o)
                0x0000000000100a90                __udivsi3
                0x0000000000100a90                __aeabi_uidiv
                0x0000000000100c7c                __aeabi_uidivmod
 *(.text.*)
 .text.__do_global_dtors_aux
                0x0000000000100c9c       0x40 /opt/devkitpro/devkitARM/bin/../lib/gcc/arm-none-eabi/12.1.0/armv6k/fpu/crtbegin.o
 .text.frame_dummy
                0x0000000000100cdc       0x2c /opt/devkitpro/devkitARM/bin/../lib/gcc/arm-none-eabi/12.1.0/armv6k/fpu/crtbegin.o
 .text.drawArray
                0x0000000000100d08       0xa4 main.o
                0x0000000000100d08                drawArray
 .text.initArray
                0x0000000000100dac       0x8c main.o
                0x0000000000100dac                initArray
 .text.handleArraySize
                0x0000000000100e38       0xb0 main.o
                0x0000000000100e38                handleArraySize
 .text.settingsMenu
                0x0000000000100ee8      0x128 main.o
                0x0000000000100ee8                settingsMenu
 .text.algoMenu
                0x0000000000101010       0xfc main.o
                0x0000000000101010                algoMenu
 .text.menu     0x000000000010110c      0x110 main.o
                0x000000000010110c                menu
 .text.startup.main
                0x000000000010121c      0x184 main.o
                0x000000000010121c                main
 .text.C2Di_FrameEndHook
                0x00000000001013a0       0x44 /opt/devkitpro/libctru/lib/libcitro2d.a(base.o)
 *fill*         0x00000000001013e4        0x4 
 .text.C2D_Init
                0x00000000001013e8      0x36c /opt/devkitpro/libctru/lib/libcitro2d.a(base.o)
                0x00000000001013e8                C2D_Init
 .text.C2D_Fini
                0x0000000000101754       0x4c /opt/devkitpro/libctru/lib/libcitro2d.a(base.o)
                0x0000000000101754                C2D_Fini
 .text.C2D_Prepare
                0x00000000001017a0       0xb8 /opt/devkitpro/libctru/lib/libcitro2d.a(base.o)
                0x00000000001017a0                C2D_Prepare
 .text.C2D_Flush
                0x0000000000101858       0x48 /opt/devkitpro/libctru/lib/libcitro2d.a(base.o)
                0x0000000000101858                C2D_Flush
 .text.C2D_SceneSize
                0x00000000001018a0      0x104 /opt/devkitpro/libctru/lib/libcitro2d.a(base.o)
                0x00000000001018a0                C2D_SceneSize
 .text.C2D_CreateScreenTarget
                0x00000000001019a4       0x58 /opt/devkitpro/libctru/lib/libcitro2d.a(base.o)
                0x00000000001019a4                C2D_CreateScreenTarget
 .text.C2D_TargetClear
                0x00000000001019fc       0x64 /opt/devkitpro/libctru/lib/libcitro2d.a(base.o)
                0x00000000001019fc                C2D_TargetClear
 .text.C2Di_AppendQuad
                0x0000000000101a60       0x58 /opt/devkitpro/libctru/lib/libcitro2d.a(base.o)
                0x0000000000101a60                C2Di_AppendQuad
 .text.C2Di_Update
                0x0000000000101ab8      0x550 /opt/devkitpro/libctru/lib/libcitro2d.a(base.o)
                0x0000000000101ab8                C2Di_Update
 .text.C2D_DrawRectangle
                0x0000000000102008      0x158 /opt/devkitpro/libctru/lib/libcitro2d.a(base.o)
                0x0000000000102008                C2D_DrawRectangle
 .text.C3Di_LightEnvUpdate
                0x0000000000102160        0x4 /opt/devkitpro/libctru/lib/libcitro3d.a(base.o)
                0x0000000000102160                C3Di_LightEnvUpdate
 .text.C3Di_LightEnvDirty
                0x0000000000102164        0x4 /opt/devkitpro/libctru/lib/libcitro3d.a(base.o)
                0x0000000000102164                C3Di_LightEnvDirty
 .text.C3Di_AptEventHook
                0x0000000000102168       0xb4 /opt/devkitpro/libctru/lib/libcitro3d.a(base.o)
 .text.C3Di_GasUpdate
                0x000000000010221c        0x4 /opt/devkitpro/libctru/lib/libcitro3d.a(base.o)
                0x000000000010221c                C3Di_GasUpdate
 .text.C3D_Init
                0x0000000000102220      0x1e0 /opt/devkitpro/libctru/lib/libcitro3d.a(base.o)
                0x0000000000102220                C3D_Init
 .text.C3D_SetViewport
                0x0000000000102400       0x98 /opt/devkitpro/libctru/lib/libcitro3d.a(base.o)
                0x0000000000102400                C3D_SetViewport
 .text.C3Di_UpdateContext
                0x0000000000102498      0x4e8 /opt/devkitpro/libctru/lib/libcitro3d.a(base.o)
                0x0000000000102498                C3Di_UpdateContext
 .text.C3Di_SplitFrame
                0x0000000000102980       0xe0 /opt/devkitpro/libctru/lib/libcitro3d.a(base.o)
                0x0000000000102980                C3Di_SplitFrame
 .text.C3D_GetCmdBufUsage
                0x0000000000102a60       0x10 /opt/devkitpro/libctru/lib/libcitro3d.a(base.o)
                0x0000000000102a60                C3D_GetCmdBufUsage
 .text.C3D_Fini
                0x0000000000102a70       0x44 /opt/devkitpro/libctru/lib/libcitro3d.a(base.o)
                0x0000000000102a70                C3D_Fini
 .text.C3D_BindProgram
                0x0000000000102ab4      0x114 /opt/devkitpro/libctru/lib/libcitro3d.a(base.o)
                0x0000000000102ab4                C3D_BindProgram
 .text.onVBlank0
                0x0000000000102bc8       0x4c /opt/devkitpro/libctru/lib/libcitro3d.a(renderqueue.o)
 .text.onVBlank1
                0x0000000000102c14       0x4c /opt/devkitpro/libctru/lib/libcitro3d.a(renderqueue.o)
 .text.C3Di_RenderTargetDestroy
                0x0000000000102c60       0x80 /opt/devkitpro/libctru/lib/libcitro3d.a(renderqueue.o)
 .text.onQueueFinish
                0x0000000000102ce0       0xf4 /opt/devkitpro/libctru/lib/libcitro3d.a(renderqueue.o)
 .text.C3Di_RenderQueueEnableVBlank
                0x0000000000102dd4       0x38 /opt/devkitpro/libctru/lib/libcitro3d.a(renderqueue.o)
                0x0000000000102dd4                C3Di_RenderQueueEnableVBlank
 .text.C3Di_RenderQueueDisableVBlank
                0x0000000000102e0c       0x30 /opt/devkitpro/libctru/lib/libcitro3d.a(renderqueue.o)
                0x0000000000102e0c                C3Di_RenderQueueDisableVBlank
 .text.C3Di_RenderQueueInit
                0x0000000000102e3c       0x60 /opt/devkitpro/libctru/lib/libcitro3d.a(renderqueue.o)
                0x0000000000102e3c                C3Di_RenderQueueInit
 .text.C3Di_RenderQueueExit
                0x0000000000102e9c       0xb0 /opt/devkitpro/libctru/lib/libcitro3d.a(renderqueue.o)
                0x0000000000102e9c                C3Di_RenderQueueExit
 .text.C3Di_RenderQueueWaitDone
                0x0000000000102f4c       0x34 /opt/devkitpro/libctru/lib/libcitro3d.a(renderqueue.o)
                0x0000000000102f4c                C3Di_RenderQueueWaitDone
 .text.C3D_FrameBegin
                0x0000000000102f80       0xe4 /opt/devkitpro/libctru/lib/libcitro3d.a(renderqueue.o)
                0x0000000000102f80                C3D_FrameBegin
 .text.C3D_FrameDrawOn
                0x0000000000103064       0x48 /opt/devkitpro/libctru/lib/libcitro3d.a(renderqueue.o)
                0x0000000000103064                C3D_FrameDrawOn
 .text.C3D_FrameSplit
                0x00000000001030ac       0x58 /opt/devkitpro/libctru/lib/libcitro3d.a(renderqueue.o)
                0x00000000001030ac                C3D_FrameSplit
 .text.C3D_FrameEnd
                0x0000000000103104      0x1d8 /opt/devkitpro/libctru/lib/libcitro3d.a(renderqueue.o)
                0x0000000000103104                C3D_FrameEnd
 .text.C3D_FrameEndHook
                0x00000000001032dc       0x1c /opt/devkitpro/libctru/lib/libcitro3d.a(renderqueue.o)
                0x00000000001032dc                C3D_FrameEndHook
 .text.C3D_GetDrawingTime
                0x00000000001032f8       0x18 /opt/devkitpro/libctru/lib/libcitro3d.a(renderqueue.o)
                0x00000000001032f8                C3D_GetDrawingTime
 .text.C3D_GetProcessingTime
                0x0000000000103310       0x18 /opt/devkitpro/libctru/lib/libcitro3d.a(renderqueue.o)
                0x0000000000103310                C3D_GetProcessingTime
 .text.C3D_RenderTargetCreate
                0x0000000000103328      0x184 /opt/devkitpro/libctru/lib/libcitro3d.a(renderqueue.o)
                0x0000000000103328                C3D_RenderTargetCreate
 .text.C3D_RenderTargetSetOutput
                0x00000000001034ac       0xa8 /opt/devkitpro/libctru/lib/libcitro3d.a(renderqueue.o)
                0x00000000001034ac                C3D_RenderTargetSetOutput
 .text.C3D_TexBind
                0x0000000000103554       0x44 /opt/devkitpro/libctru/lib/libcitro3d.a(texture.o)
                0x0000000000103554                C3D_TexBind
 .text.C3Di_SetTex
                0x0000000000103598      0x16c /opt/devkitpro/libctru/lib/libcitro3d.a(texture.o)
                0x0000000000103598                C3Di_SetTex
 .text.C3D_CalcColorBufSize
                0x0000000000103704       0x1c /opt/devkitpro/libctru/lib/libcitro3d.a(framebuffer.o)
                0x0000000000103704                C3D_CalcColorBufSize
 .text.C3D_CalcDepthBufSize
                0x0000000000103720       0x1c /opt/devkitpro/libctru/lib/libcitro3d.a(framebuffer.o)
                0x0000000000103720                C3D_CalcDepthBufSize
 .text.C3D_SetFrameBuf
                0x000000000010373c       0x44 /opt/devkitpro/libctru/lib/libcitro3d.a(framebuffer.o)
                0x000000000010373c                C3D_SetFrameBuf
 .text.C3Di_FrameBufBind
                0x0000000000103780      0x16c /opt/devkitpro/libctru/lib/libcitro3d.a(framebuffer.o)
                0x0000000000103780                C3Di_FrameBufBind
 .text.C3D_FrameBufClear
                0x00000000001038ec       0xc8 /opt/devkitpro/libctru/lib/libcitro3d.a(framebuffer.o)
                0x00000000001038ec                C3D_FrameBufClear
 .text.C3D_FrameBufTransfer
                0x00000000001039b4       0x44 /opt/devkitpro/libctru/lib/libcitro3d.a(framebuffer.o)
                0x00000000001039b4                C3D_FrameBufTransfer
 .text.C3D_GetTexEnv
                0x00000000001039f8       0x34 /opt/devkitpro/libctru/lib/libcitro3d.a(texenv.o)
                0x00000000001039f8                C3D_GetTexEnv
 .text.C3Di_TexEnvBind
                0x0000000000103a2c       0x24 /opt/devkitpro/libctru/lib/libcitro3d.a(texenv.o)
                0x0000000000103a2c                C3Di_TexEnvBind
 .text.C3D_DrawElements
                0x0000000000103a50      0x218 /opt/devkitpro/libctru/lib/libcitro3d.a(drawElements.o)
                0x0000000000103a50                C3D_DrawElements
 .text.C3D_ProcTexInit
                0x0000000000103c68       0x70 /opt/devkitpro/libctru/lib/libcitro3d.a(proctex.o)
                0x0000000000103c68                C3D_ProcTexInit
 .text.C3D_ProcTexBind
                0x0000000000103cd8       0x54 /opt/devkitpro/libctru/lib/libcitro3d.a(proctex.o)
                0x0000000000103cd8                C3D_ProcTexBind
 .text.C3D_ProcTexLutBind
                0x0000000000103d2c       0x5c /opt/devkitpro/libctru/lib/libcitro3d.a(proctex.o)
                0x0000000000103d2c                C3D_ProcTexLutBind
 .text.ProcTexLut_FromArray
                0x0000000000103d88       0xa4 /opt/devkitpro/libctru/lib/libcitro3d.a(proctex.o)
                0x0000000000103d88                ProcTexLut_FromArray
 .text.C3Di_ProcTexUpdate
                0x0000000000103e2c      0x17c /opt/devkitpro/libctru/lib/libcitro3d.a(proctex.o)
                0x0000000000103e2c                C3Di_ProcTexUpdate
 .text.C3Di_ProcTexDirty
                0x0000000000103fa8       0x68 /opt/devkitpro/libctru/lib/libcitro3d.a(proctex.o)
                0x0000000000103fa8                C3Di_ProcTexDirty
 .text.BufInfo_Init
                0x0000000000104010       0x24 /opt/devkitpro/libctru/lib/libcitro3d.a(buffers.o)
                0x0000000000104010                BufInfo_Init
 .text.BufInfo_Add
                0x0000000000104034       0x80 /opt/devkitpro/libctru/lib/libcitro3d.a(buffers.o)
                0x0000000000104034                BufInfo_Add
 .text.C3D_SetBufInfo
                0x00000000001040b4       0x40 /opt/devkitpro/libctru/lib/libcitro3d.a(buffers.o)
                0x00000000001040b4                C3D_SetBufInfo
 .text.C3Di_BufInfoBind
                0x00000000001040f4       0x48 /opt/devkitpro/libctru/lib/libcitro3d.a(buffers.o)
                0x00000000001040f4                C3Di_BufInfoBind
 .text.C3D_DepthMap
                0x000000000010413c       0x40 /opt/devkitpro/libctru/lib/libcitro3d.a(effect.o)
                0x000000000010413c                C3D_DepthMap
 .text.C3D_CullFace
                0x000000000010417c       0x1c /opt/devkitpro/libctru/lib/libcitro3d.a(effect.o)
                0x000000000010417c                C3D_CullFace
 .text.C3D_StencilTest
                0x0000000000104198       0x40 /opt/devkitpro/libctru/lib/libcitro3d.a(effect.o)
                0x0000000000104198                C3D_StencilTest
 .text.C3D_StencilOp
                0x00000000001041d8       0x24 /opt/devkitpro/libctru/lib/libcitro3d.a(effect.o)
                0x00000000001041d8                C3D_StencilOp
 .text.C3D_BlendingColor
                0x00000000001041fc       0x1c /opt/devkitpro/libctru/lib/libcitro3d.a(effect.o)
                0x00000000001041fc                C3D_BlendingColor
 .text.C3D_EarlyDepthTest
                0x0000000000104218       0x24 /opt/devkitpro/libctru/lib/libcitro3d.a(effect.o)
                0x0000000000104218                C3D_EarlyDepthTest
 .text.C3D_DepthTest
                0x000000000010423c       0x2c /opt/devkitpro/libctru/lib/libcitro3d.a(effect.o)
                0x000000000010423c                C3D_DepthTest
 .text.C3D_AlphaTest
                0x0000000000104268       0x2c /opt/devkitpro/libctru/lib/libcitro3d.a(effect.o)
                0x0000000000104268                C3D_AlphaTest
 .text.C3D_AlphaBlend
                0x0000000000104294       0x50 /opt/devkitpro/libctru/lib/libcitro3d.a(effect.o)
                0x0000000000104294                C3D_AlphaBlend
 .text.C3D_FragOpMode
                0x00000000001042e4       0x30 /opt/devkitpro/libctru/lib/libcitro3d.a(effect.o)
                0x00000000001042e4                C3D_FragOpMode
 .text.C3D_FragOpShadow
                0x0000000000104314       0x44 /opt/devkitpro/libctru/lib/libcitro3d.a(effect.o)
                0x0000000000104314                C3D_FragOpShadow
 .text.C3Di_EffectBind
                0x0000000000104358      0x1ac /opt/devkitpro/libctru/lib/libcitro3d.a(effect.o)
                0x0000000000104358                C3Di_EffectBind
 .text.AttrInfo_Init
                0x0000000000104504       0x28 /opt/devkitpro/libctru/lib/libcitro3d.a(attribs.o)
                0x0000000000104504                AttrInfo_Init
 .text.AttrInfo_AddLoader
                0x000000000010452c       0x94 /opt/devkitpro/libctru/lib/libcitro3d.a(attribs.o)
                0x000000000010452c                AttrInfo_AddLoader
 .text.C3D_SetAttrInfo
                0x00000000001045c0       0x54 /opt/devkitpro/libctru/lib/libcitro3d.a(attribs.o)
                0x00000000001045c0                C3D_SetAttrInfo
 .text.C3Di_AttrInfoBind
                0x0000000000104614       0x80 /opt/devkitpro/libctru/lib/libcitro3d.a(attribs.o)
                0x0000000000104614                C3Di_AttrInfoBind
 .text.C3D_ImmSendAttrib
                0x0000000000104694       0xa8 /opt/devkitpro/libctru/lib/libcitro3d.a(immediate.o)
                0x0000000000104694                C3D_ImmSendAttrib
 .text.C3D_UpdateUniforms
                0x000000000010473c      0x280 /opt/devkitpro/libctru/lib/libcitro3d.a(uniforms.o)
                0x000000000010473c                C3D_UpdateUniforms
 .text.C3Di_DirtyUniforms
                0x00000000001049bc       0xc0 /opt/devkitpro/libctru/lib/libcitro3d.a(uniforms.o)
                0x00000000001049bc                C3Di_DirtyUniforms
 .text.C3Di_LoadShaderUniforms
                0x0000000000104a7c       0xd8 /opt/devkitpro/libctru/lib/libcitro3d.a(uniforms.o)
                0x0000000000104a7c                C3Di_LoadShaderUniforms
 .text.C3Di_ClearShaderUniforms
                0x0000000000104b54       0x28 /opt/devkitpro/libctru/lib/libcitro3d.a(uniforms.o)
                0x0000000000104b54                C3Di_ClearShaderUniforms
 .text.Mtx_Ortho
                0x0000000000104b7c       0xcc /opt/devkitpro/libctru/lib/libcitro3d.a(mtx_ortho.o)
                0x0000000000104b7c                Mtx_Ortho
 .text.Mtx_OrthoTilt
                0x0000000000104c48       0xcc /opt/devkitpro/libctru/lib/libcitro3d.a(mtx_orthotilt.o)
                0x0000000000104c48                Mtx_OrthoTilt
 .text._ZL21addrMapNodeComparatorPK11rbtree_nodeS1_
                0x0000000000104d14       0x24 /opt/devkitpro/libctru/lib/libctru.a(vram.o)
 .text._ZL21addrMapNodeDestructorP11rbtree_node
                0x0000000000104d38        0x4 /opt/devkitpro/libctru/lib/libctru.a(vram.o)
 .text.vramMemAlignAt
                0x0000000000104d3c      0x250 /opt/devkitpro/libctru/lib/libctru.a(vram.o)
                0x0000000000104d3c                vramMemAlignAt
 .text.vramAlloc
                0x0000000000104f8c        0xc /opt/devkitpro/libctru/lib/libctru.a(vram.o)
                0x0000000000104f8c                vramAlloc
 .text.vramAllocAt
                0x0000000000104f98        0xc /opt/devkitpro/libctru/lib/libctru.a(vram.o)
                0x0000000000104f98                vramAllocAt
 .text.vramFree
                0x0000000000104fa4       0x90 /opt/devkitpro/libctru/lib/libctru.a(vram.o)
                0x0000000000104fa4                vramFree
 .text._ZL21addrMapNodeComparatorPK11rbtree_nodeS1_
                0x0000000000105034       0x24 /opt/devkitpro/libctru/lib/libctru.a(linear.o)
 .text._ZL21addrMapNodeDestructorP11rbtree_node
                0x0000000000105058        0x4 /opt/devkitpro/libctru/lib/libctru.a(linear.o)
 .text.linearMemAlign
                0x000000000010505c      0x120 /opt/devkitpro/libctru/lib/libctru.a(linear.o)
                0x000000000010505c                linearMemAlign
 .text.linearAlloc
                0x000000000010517c        0x8 /opt/devkitpro/libctru/lib/libctru.a(linear.o)
                0x000000000010517c                linearAlloc
 .text.linearFree
                0x0000000000105184       0x5c /opt/devkitpro/libctru/lib/libctru.a(linear.o)
                0x0000000000105184                linearFree
 .text._ZN7MemPool13CoalesceRightEP8MemBlock
                0x00000000001051e0       0x80 /opt/devkitpro/libctru/lib/libctru.a(mem_pool.o)
                0x00000000001051e0                MemPool::CoalesceRight(MemBlock*)
 .text._ZN7MemPool8AllocateER8MemChunkmi
                0x0000000000105260      0x16c /opt/devkitpro/libctru/lib/libctru.a(mem_pool.o)
                0x0000000000105260                MemPool::Allocate(MemChunk&, unsigned long, int)
 .text._ZN7MemPool10DeallocateERK8MemChunk
                0x00000000001053cc       0xfc /opt/devkitpro/libctru/lib/libctru.a(mem_pool.o)
                0x00000000001053cc                MemPool::Deallocate(MemChunk const&)
 .text._ZN7MemPool12GetFreeSpaceEv
                0x00000000001054c8       0x30 /opt/devkitpro/libctru/lib/libctru.a(mem_pool.o)
                0x00000000001054c8                MemPool::GetFreeSpace()
 .text.osConvertVirtToPhys
                0x00000000001054f8       0x74 /opt/devkitpro/libctru/lib/libctru.a(os.o)
                0x00000000001054f8                osConvertVirtToPhys
 *fill*         0x000000000010556c        0x4 
 .text.osTickCounterRead
                0x0000000000105570       0x38 /opt/devkitpro/libctru/lib/libctru.a(os.o)
                0x0000000000105570                osTickCounterRead
 .text.__ctru_speedup_config
                0x00000000001055a8       0x34 /opt/devkitpro/libctru/lib/libctru.a(os.o)
                0x00000000001055a8                __ctru_speedup_config
 .text.parseColor
                0x00000000001055dc      0x1e8 /opt/devkitpro/libctru/lib/libctru.a(console.o)
 .text.consoleDrawChar
                0x00000000001057c4      0x1ac /opt/devkitpro/libctru/lib/libctru.a(console.o)
                0x00000000001057c4                consoleDrawChar
 .text.consolePrintChar
                0x0000000000105970      0x124 /opt/devkitpro/libctru/lib/libctru.a(console.o)
                0x0000000000105970                consolePrintChar
 .text.con_write
                0x0000000000105a94      0xb94 /opt/devkitpro/libctru/lib/libctru.a(console.o)
                0x0000000000105a94                con_write
 .text.newRow   0x0000000000106628       0xfc /opt/devkitpro/libctru/lib/libctru.a(console.o)
 .text.consoleInit
                0x0000000000106724      0x168 /opt/devkitpro/libctru/lib/libctru.a(console.o)
                0x0000000000106724                consoleInit
 .text.gfxPresentFramebuffer
                0x000000000010688c       0xd0 /opt/devkitpro/libctru/lib/libctru.a(gfx.o)
 .text.gfxIsWide
                0x000000000010695c       0x1c /opt/devkitpro/libctru/lib/libctru.a(gfx.o)
                0x000000000010695c                gfxIsWide
 .text.gfxSetScreenFormat
                0x0000000000106978       0xec /opt/devkitpro/libctru/lib/libctru.a(gfx.o)
                0x0000000000106978                gfxSetScreenFormat
 .text.gfxSetDoubleBuffering
                0x0000000000106a64       0x10 /opt/devkitpro/libctru/lib/libctru.a(gfx.o)
                0x0000000000106a64                gfxSetDoubleBuffering
 .text.gfxInit  0x0000000000106a74       0xe0 /opt/devkitpro/libctru/lib/libctru.a(gfx.o)
                0x0000000000106a74                gfxInit
 .text.gfxInitDefault
                0x0000000000106b54       0x10 /opt/devkitpro/libctru/lib/libctru.a(gfx.o)
                0x0000000000106b54                gfxInitDefault
 .text.gfxExit  0x0000000000106b64       0xb4 /opt/devkitpro/libctru/lib/libctru.a(gfx.o)
                0x0000000000106b64                gfxExit
 .text.gfxGetFramebuffer
                0x0000000000106c18       0xa0 /opt/devkitpro/libctru/lib/libctru.a(gfx.o)
                0x0000000000106c18                gfxGetFramebuffer
 .text.gfxFlushBuffers
                0x0000000000106cb8      0x104 /opt/devkitpro/libctru/lib/libctru.a(gfx.o)
                0x0000000000106cb8                gfxFlushBuffers
 .text.gfxScreenSwapBuffers
                0x0000000000106dbc       0x30 /opt/devkitpro/libctru/lib/libctru.a(gfx.o)
                0x0000000000106dbc                gfxScreenSwapBuffers
 .text.gfxSwapBuffersGpu
                0x0000000000106dec       0x50 /opt/devkitpro/libctru/lib/libctru.a(gfx.o)
                0x0000000000106dec                gfxSwapBuffersGpu
 .text.shaderInstanceInit
                0x0000000000106e3c      0x1d4 /opt/devkitpro/libctru/lib/libctru.a(shaderProgram.o)
                0x0000000000106e3c                shaderInstanceInit
 .text.shaderInstanceGetUniformLocation
                0x0000000000107010       0x18 /opt/devkitpro/libctru/lib/libctru.a(shaderProgram.o)
                0x0000000000107010                shaderInstanceGetUniformLocation
 .text.shaderProgramInit
                0x0000000000107028       0x1c /opt/devkitpro/libctru/lib/libctru.a(shaderProgram.o)
                0x0000000000107028                shaderProgramInit
 .text.shaderProgramFree
                0x0000000000107044       0x64 /opt/devkitpro/libctru/lib/libctru.a(shaderProgram.o)
                0x0000000000107044                shaderProgramFree
 .text.shaderProgramSetVsh
                0x00000000001070a8       0x80 /opt/devkitpro/libctru/lib/libctru.a(shaderProgram.o)
                0x00000000001070a8                shaderProgramSetVsh
 .text.shaderProgramConfigure
                0x0000000000107128      0x8e0 /opt/devkitpro/libctru/lib/libctru.a(shaderProgram.o)
                0x0000000000107128                shaderProgramConfigure
 .text.DVLE_GenerateOutmap.part.0
                0x0000000000107a08      0x1cc /opt/devkitpro/libctru/lib/libctru.a(shbin.o)
 .text.DVLB_ParseFile
                0x0000000000107bd4      0x1b4 /opt/devkitpro/libctru/lib/libctru.a(shbin.o)
                0x0000000000107bd4                DVLB_ParseFile
 .text.DVLB_Free
                0x0000000000107d88       0x38 /opt/devkitpro/libctru/lib/libctru.a(shbin.o)
                0x0000000000107d88                DVLB_Free
 .text.DVLE_GetUniformRegister
                0x0000000000107dc0       0x74 /opt/devkitpro/libctru/lib/libctru.a(shbin.o)
                0x0000000000107dc0                DVLE_GetUniformRegister
 .text.GX_BindQueue
                0x0000000000107e34       0x10 /opt/devkitpro/libctru/lib/libctru.a(gx.o)
                0x0000000000107e34                GX_BindQueue
 .text.GX_ProcessCommandList
                0x0000000000107e44       0x78 /opt/devkitpro/libctru/lib/libctru.a(gx.o)
                0x0000000000107e44                GX_ProcessCommandList
 .text.GX_MemoryFill
                0x0000000000107ebc       0x74 /opt/devkitpro/libctru/lib/libctru.a(gx.o)
                0x0000000000107ebc                GX_MemoryFill
 .text.GX_DisplayTransfer
                0x0000000000107f30       0x70 /opt/devkitpro/libctru/lib/libctru.a(gx.o)
                0x0000000000107f30                GX_DisplayTransfer
 .text.gxCmdQueueDoCommands.part.0
                0x0000000000107fa0       0x68 /opt/devkitpro/libctru/lib/libctru.a(gxqueue.o)
 .text.gxCmdQueueInterrupt
                0x0000000000108008       0xc8 /opt/devkitpro/libctru/lib/libctru.a(gxqueue.o)
                0x0000000000108008                gxCmdQueueInterrupt
 .text.gxCmdQueueClear
                0x00000000001080d0       0x4c /opt/devkitpro/libctru/lib/libctru.a(gxqueue.o)
                0x00000000001080d0                gxCmdQueueClear
 .text.gxCmdQueueAdd
                0x000000000010811c       0xf8 /opt/devkitpro/libctru/lib/libctru.a(gxqueue.o)
                0x000000000010811c                gxCmdQueueAdd
 .text.gxCmdQueueRun
                0x0000000000108214       0x80 /opt/devkitpro/libctru/lib/libctru.a(gxqueue.o)
                0x0000000000108214                gxCmdQueueRun
 .text.gxCmdQueueStop
                0x0000000000108294       0x60 /opt/devkitpro/libctru/lib/libctru.a(gxqueue.o)
                0x0000000000108294                gxCmdQueueStop
 .text.gxCmdQueueWait
                0x00000000001082f4       0x74 /opt/devkitpro/libctru/lib/libctru.a(gxqueue.o)
                0x00000000001082f4                gxCmdQueueWait
 .text.GPUCMD_Add
                0x0000000000108368      0x13c /opt/devkitpro/libctru/lib/libctru.a(gpu.o)
                0x0000000000108368                GPUCMD_Add
 .text.GPUCMD_Split
                0x00000000001084a4       0xb0 /opt/devkitpro/libctru/lib/libctru.a(gpu.o)
                0x00000000001084a4                GPUCMD_Split
 .text.f32tof16
                0x0000000000108554       0x34 /opt/devkitpro/libctru/lib/libctru.a(gpu.o)
                0x0000000000108554                f32tof16
 .text.f32tof24
                0x0000000000108588       0x34 /opt/devkitpro/libctru/lib/libctru.a(gpu.o)
                0x0000000000108588                f32tof24
 .text.f32tof31
                0x00000000001085bc       0x38 /opt/devkitpro/libctru/lib/libctru.a(gpu.o)
                0x00000000001085bc                f32tof31
 .text.gspHardwareInit
                0x00000000001085f4      0xc58 /opt/devkitpro/libctru/lib/libctru.a(gspgpu.o)
 .text.gspInit  0x000000000010924c      0x248 /opt/devkitpro/libctru/lib/libctru.a(gspgpu.o)
                0x000000000010924c                gspInit
 .text.gspExit  0x0000000000109494       0xf0 /opt/devkitpro/libctru/lib/libctru.a(gspgpu.o)
                0x0000000000109494                gspExit
 .text.gspHasGpuRight
                0x0000000000109584       0x10 /opt/devkitpro/libctru/lib/libctru.a(gspgpu.o)
                0x0000000000109584                gspHasGpuRight
 .text.gspPresentBuffer
                0x0000000000109594       0xa0 /opt/devkitpro/libctru/lib/libctru.a(gspgpu.o)
                0x0000000000109594                gspPresentBuffer
 .text.gspSetEventCallback
                0x0000000000109634       0x30 /opt/devkitpro/libctru/lib/libctru.a(gspgpu.o)
                0x0000000000109634                gspSetEventCallback
 .text.gspWaitForEvent
                0x0000000000109664       0x44 /opt/devkitpro/libctru/lib/libctru.a(gspgpu.o)
                0x0000000000109664                gspWaitForEvent
 .text.gspWaitForAnyEvent
                0x00000000001096a8       0x4c /opt/devkitpro/libctru/lib/libctru.a(gspgpu.o)
                0x00000000001096a8                gspWaitForAnyEvent
 .text.gspEventThreadMain
                0x00000000001096f4      0x158 /opt/devkitpro/libctru/lib/libctru.a(gspgpu.o)
 .text.gspSubmitGxCommand
                0x000000000010984c      0x130 /opt/devkitpro/libctru/lib/libctru.a(gspgpu.o)
                0x000000000010984c                gspSubmitGxCommand
 .text.GSPGPU_FlushDataCache
                0x000000000010997c       0x50 /opt/devkitpro/libctru/lib/libctru.a(gspgpu.o)
                0x000000000010997c                GSPGPU_FlushDataCache
 .text.GSPGPU_SetLcdForceBlack
                0x00000000001099cc       0x34 /opt/devkitpro/libctru/lib/libctru.a(gspgpu.o)
                0x00000000001099cc                GSPGPU_SetLcdForceBlack
 .text.GSPGPU_AcquireRight
                0x0000000000109a00       0x68 /opt/devkitpro/libctru/lib/libctru.a(gspgpu.o)
                0x0000000000109a00                GSPGPU_AcquireRight
 .text.GSPGPU_ReleaseRight
                0x0000000000109a68       0x48 /opt/devkitpro/libctru/lib/libctru.a(gspgpu.o)
                0x0000000000109a68                GSPGPU_ReleaseRight
 .text.GSPGPU_ImportDisplayCaptureInfo
                0x0000000000109ab0       0x7c /opt/devkitpro/libctru/lib/libctru.a(gspgpu.o)
                0x0000000000109ab0                GSPGPU_ImportDisplayCaptureInfo
 .text.GSPGPU_SaveVramSysArea
                0x0000000000109b2c       0x2c /opt/devkitpro/libctru/lib/libctru.a(gspgpu.o)
                0x0000000000109b2c                GSPGPU_SaveVramSysArea
 .text.GSPGPU_RestoreVramSysArea
                0x0000000000109b58       0x2c /opt/devkitpro/libctru/lib/libctru.a(gspgpu.o)
                0x0000000000109b58                GSPGPU_RestoreVramSysArea
 .text.aptConvertScreenForCapture
                0x0000000000109b84      0x1a4 /opt/devkitpro/libctru/lib/libctru.a(apt.o)
 .text.aptDspSleep
                0x0000000000109d28        0x8 /opt/devkitpro/libctru/lib/libctru.a(apt.o)
                0x0000000000109d28                aptDspSleep
 .text.aptDspWakeup
                0x0000000000109d30        0x4 /opt/devkitpro/libctru/lib/libctru.a(apt.o)
                0x0000000000109d30                aptDspWakeup
 .text.aptDspCancel
                0x0000000000109d34        0x4 /opt/devkitpro/libctru/lib/libctru.a(apt.o)
                0x0000000000109d34                aptDspCancel
 .text.aptSendCommand
                0x0000000000109d38      0x158 /opt/devkitpro/libctru/lib/libctru.a(apt.o)
                0x0000000000109d38                aptSendCommand
 .text.aptExitProcess
                0x0000000000109e90       0x44 /opt/devkitpro/libctru/lib/libctru.a(apt.o)
 .text.aptExit  0x0000000000109ed4      0x2f4 /opt/devkitpro/libctru/lib/libctru.a(apt.o)
                0x0000000000109ed4                aptExit
 .text.aptHandleSleep
                0x000000000010a1c8       0xe0 /opt/devkitpro/libctru/lib/libctru.a(apt.o)
                0x000000000010a1c8                aptHandleSleep
 .text.aptHook  0x000000000010a2a8       0x30 /opt/devkitpro/libctru/lib/libctru.a(apt.o)
                0x000000000010a2a8                aptHook
 .text.aptUnhook
                0x000000000010a2d8       0x30 /opt/devkitpro/libctru/lib/libctru.a(apt.o)
                0x000000000010a2d8                aptUnhook
 .text.aptSetMessageCallback
                0x000000000010a308       0x1c /opt/devkitpro/libctru/lib/libctru.a(apt.o)
                0x000000000010a308                aptSetMessageCallback
 .text.APT_SleepIfShellClosed
                0x000000000010a324       0x84 /opt/devkitpro/libctru/lib/libctru.a(apt.o)
                0x000000000010a324                APT_SleepIfShellClosed
 .text.aptSetSleepAllowed
                0x000000000010a3a8       0x84 /opt/devkitpro/libctru/lib/libctru.a(apt.o)
                0x000000000010a3a8                aptSetSleepAllowed
 .text.APT_UnlockTransition
                0x000000000010a42c       0x84 /opt/devkitpro/libctru/lib/libctru.a(apt.o)
                0x000000000010a42c                APT_UnlockTransition
 .text.aptEventHandler
                0x000000000010a4b0      0x4a4 /opt/devkitpro/libctru/lib/libctru.a(apt.o)
 .text.APT_ReceiveParameter
                0x000000000010a954       0xb0 /opt/devkitpro/libctru/lib/libctru.a(apt.o)
                0x000000000010a954                APT_ReceiveParameter
 .text.aptReceiveParameter.constprop.0
                0x000000000010aa04       0xb0 /opt/devkitpro/libctru/lib/libctru.a(apt.o)
 *fill*         0x000000000010aab4        0x4 
 .text.aptScreenTransfer
                0x000000000010aab8      0x2ac /opt/devkitpro/libctru/lib/libctru.a(apt.o)
 .text.aptWaitForWakeUp.isra.0
                0x000000000010ad64      0x344 /opt/devkitpro/libctru/lib/libctru.a(apt.o)
 .text.aptLaunchLibraryApplet
                0x000000000010b0a8      0x11c /opt/devkitpro/libctru/lib/libctru.a(apt.o)
                0x000000000010b0a8                aptLaunchLibraryApplet
 *fill*         0x000000000010b1c4        0x4 
 .text.aptJumpToHomeMenu
                0x000000000010b1c8      0x100 /opt/devkitpro/libctru/lib/libctru.a(apt.o)
                0x000000000010b1c8                aptJumpToHomeMenu
 .text.aptMainLoop
                0x000000000010b2c8       0x48 /opt/devkitpro/libctru/lib/libctru.a(apt.o)
                0x000000000010b2c8                aptMainLoop
 .text.aptInit  0x000000000010b310      0x22c /opt/devkitpro/libctru/lib/libctru.a(apt.o)
                0x000000000010b310                aptInit
 .text.APT_SendParameter
                0x000000000010b53c       0x5c /opt/devkitpro/libctru/lib/libctru.a(apt.o)
                0x000000000010b53c                APT_SendParameter
 .text.APT_CheckNew3DS
                0x000000000010b598       0x7c /opt/devkitpro/libctru/lib/libctru.a(apt.o)
                0x000000000010b598                APT_CheckNew3DS
 .text.hidShouldUseIrrst
                0x000000000010b614       0x24 /opt/devkitpro/libctru/lib/libctru.a(hid.o)
                0x000000000010b614                hidShouldUseIrrst
 .text.hidInit  0x000000000010b638      0x18c /opt/devkitpro/libctru/lib/libctru.a(hid.o)
                0x000000000010b638                hidInit
 .text.hidExit  0x000000000010b7c4       0xe8 /opt/devkitpro/libctru/lib/libctru.a(hid.o)
                0x000000000010b7c4                hidExit
 .text.hidScanInput
                0x000000000010b8ac      0x2a4 /opt/devkitpro/libctru/lib/libctru.a(hid.o)
                0x000000000010b8ac                hidScanInput
 .text.hidKeysDown
                0x000000000010bb50       0x10 /opt/devkitpro/libctru/lib/libctru.a(hid.o)
                0x000000000010bb50                hidKeysDown
 .text.ptmSysmInit
                0x000000000010bb60       0x74 /opt/devkitpro/libctru/lib/libctru.a(ptmsysm.o)
                0x000000000010bb60                ptmSysmInit
 .text.ptmSysmExit
                0x000000000010bbd4       0x3c /opt/devkitpro/libctru/lib/libctru.a(ptmsysm.o)
                0x000000000010bbd4                ptmSysmExit
 .text.PTMSYSM_ConfigureNew3DSCPU
                0x000000000010bc10       0x34 /opt/devkitpro/libctru/lib/libctru.a(ptmsysm.o)
                0x000000000010bc10                PTMSYSM_ConfigureNew3DSCPU
 .text.swkbdMessageCallback
                0x000000000010bc44      0x178 /opt/devkitpro/libctru/lib/libctru.a(swkbd.o)
 .text.swkbdInit
                0x000000000010bdbc       0x78 /opt/devkitpro/libctru/lib/libctru.a(swkbd.o)
                0x000000000010bdbc                swkbdInit
 .text.swkbdSetFeatures
                0x000000000010be34       0x38 /opt/devkitpro/libctru/lib/libctru.a(swkbd.o)
                0x000000000010be34                swkbdSetFeatures
 .text.swkbdInputText
                0x000000000010be6c      0x3a4 /opt/devkitpro/libctru/lib/libctru.a(swkbd.o)
                0x000000000010be6c                swkbdInputText
 .text.rbtree_init
                0x000000000010c210       0x10 /opt/devkitpro/libctru/lib/libctru.a(rbtree_init.o)
                0x000000000010c210                rbtree_init
 .text.do_insert
                0x000000000010c220      0x1b4 /opt/devkitpro/libctru/lib/libctru.a(rbtree_insert.o)
 .text.rbtree_insert
                0x000000000010c3d4        0x8 /opt/devkitpro/libctru/lib/libctru.a(rbtree_insert.o)
                0x000000000010c3d4                rbtree_insert
 .text.rbtree_rotate
                0x000000000010c3dc       0x90 /opt/devkitpro/libctru/lib/libctru.a(rbtree_rotate.o)
                0x000000000010c3dc                rbtree_rotate
 .text.rbtree_remove
                0x000000000010c46c      0x318 /opt/devkitpro/libctru/lib/libctru.a(rbtree_remove.o)
                0x000000000010c46c                rbtree_remove
 .text.rbtree_find
                0x000000000010c784       0x74 /opt/devkitpro/libctru/lib/libctru.a(rbtree_find.o)
                0x000000000010c784                rbtree_find
 .text.utf16_to_utf8
                0x000000000010c7f8       0xe8 /opt/devkitpro/libctru/lib/libctru.a(utf16_to_utf8.o)
                0x000000000010c7f8                utf16_to_utf8
 .text.decode_utf16
                0x000000000010c8e0       0x64 /opt/devkitpro/libctru/lib/libctru.a(decode_utf16.o)
                0x000000000010c8e0                decode_utf16
 .text.utf8_to_utf16
                0x000000000010c944       0xc0 /opt/devkitpro/libctru/lib/libctru.a(utf8_to_utf16.o)
                0x000000000010c944                utf8_to_utf16
 *fill*         0x000000000010ca04        0x4 
 .text.__system_allocateHeaps
                0x000000000010ca08      0x1e0 /opt/devkitpro/libctru/lib/libctru.a(allocateHeaps.o)
                0x000000000010ca08                __system_allocateHeaps
 .text.__libctru_init
                0x000000000010cbe8       0x38 /opt/devkitpro/libctru/lib/libctru.a(ctru_init.o)
                0x000000000010cbe8                __libctru_init
 .text.__system_initArgv
                0x000000000010cc20      0x170 /opt/devkitpro/libctru/lib/libctru.a(initArgv.o)
                0x000000000010cc20                __system_initArgv
 .text.svcControlMemory
                0x000000000010cd90       0x20 /opt/devkitpro/libctru/lib/libctru.a(svc.o)
                0x000000000010cd90                svcControlMemory
 .text.svcQueryMemory
                0x000000000010cdb0       0x30 /opt/devkitpro/libctru/lib/libctru.a(svc.o)
                0x000000000010cdb0                svcQueryMemory
 .text.svcExitProcess
                0x000000000010cde0        0x8 /opt/devkitpro/libctru/lib/libctru.a(svc.o)
                0x000000000010cde0                svcExitProcess
 .text.svcCreateThread
                0x000000000010cde8       0x20 /opt/devkitpro/libctru/lib/libctru.a(svc.o)
                0x000000000010cde8                svcCreateThread
 .text.svcExitThread
                0x000000000010ce08        0x8 /opt/devkitpro/libctru/lib/libctru.a(svc.o)
                0x000000000010ce08                svcExitThread
 .text.svcSleepThread
                0x000000000010ce10        0x8 /opt/devkitpro/libctru/lib/libctru.a(svc.o)
                0x000000000010ce10                svcSleepThread
 .text.svcReleaseMutex
                0x000000000010ce18        0x8 /opt/devkitpro/libctru/lib/libctru.a(svc.o)
                0x000000000010ce18                svcReleaseMutex
 .text.svcCreateEvent
                0x000000000010ce20       0x14 /opt/devkitpro/libctru/lib/libctru.a(svc.o)
                0x000000000010ce20                svcCreateEvent
 .text.svcSignalEvent
                0x000000000010ce34        0x8 /opt/devkitpro/libctru/lib/libctru.a(svc.o)
                0x000000000010ce34                svcSignalEvent
 .text.svcClearEvent
                0x000000000010ce3c        0x8 /opt/devkitpro/libctru/lib/libctru.a(svc.o)
                0x000000000010ce3c                svcClearEvent
 .text.svcCreateMemoryBlock
                0x000000000010ce44       0x18 /opt/devkitpro/libctru/lib/libctru.a(svc.o)
                0x000000000010ce44                svcCreateMemoryBlock
 .text.svcMapMemoryBlock
                0x000000000010ce5c        0x8 /opt/devkitpro/libctru/lib/libctru.a(svc.o)
                0x000000000010ce5c                svcMapMemoryBlock
 .text.svcUnmapMemoryBlock
                0x000000000010ce64        0x8 /opt/devkitpro/libctru/lib/libctru.a(svc.o)
                0x000000000010ce64                svcUnmapMemoryBlock
 .text.svcCreateAddressArbiter
                0x000000000010ce6c       0x14 /opt/devkitpro/libctru/lib/libctru.a(svc.o)
                0x000000000010ce6c                svcCreateAddressArbiter
 .text.svcArbitrateAddressNoTimeout
                0x000000000010ce80        0x8 /opt/devkitpro/libctru/lib/libctru.a(svc.o)
                0x000000000010ce80                svcArbitrateAddressNoTimeout
 .text.svcCloseHandle
                0x000000000010ce88        0x8 /opt/devkitpro/libctru/lib/libctru.a(svc.o)
                0x000000000010ce88                svcCloseHandle
 .text.svcWaitSynchronization
                0x000000000010ce90        0x8 /opt/devkitpro/libctru/lib/libctru.a(svc.o)
                0x000000000010ce90                svcWaitSynchronization
 .text.svcWaitSynchronizationN
                0x000000000010ce98       0x28 /opt/devkitpro/libctru/lib/libctru.a(svc.o)
                0x000000000010ce98                svcWaitSynchronizationN
 .text.svcDuplicateHandle
                0x000000000010cec0       0x14 /opt/devkitpro/libctru/lib/libctru.a(svc.o)
                0x000000000010cec0                svcDuplicateHandle
 .text.svcGetSystemTick
                0x000000000010ced4        0x8 /opt/devkitpro/libctru/lib/libctru.a(svc.o)
                0x000000000010ced4                svcGetSystemTick
 .text.svcConnectToPort
                0x000000000010cedc       0x14 /opt/devkitpro/libctru/lib/libctru.a(svc.o)
                0x000000000010cedc                svcConnectToPort
 .text.svcSendSyncRequest
                0x000000000010cef0        0x8 /opt/devkitpro/libctru/lib/libctru.a(svc.o)
                0x000000000010cef0                svcSendSyncRequest
 .text.svcGetResourceLimit
                0x000000000010cef8       0x14 /opt/devkitpro/libctru/lib/libctru.a(svc.o)
                0x000000000010cef8                svcGetResourceLimit
 .text.svcGetResourceLimitLimitValues
                0x000000000010cf0c        0x8 /opt/devkitpro/libctru/lib/libctru.a(svc.o)
                0x000000000010cf0c                svcGetResourceLimitLimitValues
 .text.svcGetResourceLimitCurrentValues
                0x000000000010cf14        0x8 /opt/devkitpro/libctru/lib/libctru.a(svc.o)
                0x000000000010cf14                svcGetResourceLimitCurrentValues
 .text.svcBreak
                0x000000000010cf1c        0x8 /opt/devkitpro/libctru/lib/libctru.a(svc.o)
                0x000000000010cf1c                svcBreak
 .text.initSystem
                0x000000000010cf24       0x50 /opt/devkitpro/libctru/lib/libctru.a(stack_adjust.o)
                0x000000000010cf24                initSystem
 .text.__ctru_exit
                0x000000000010cf74       0x18 /opt/devkitpro/libctru/lib/libctru.a(stack_adjust.o)
                0x000000000010cf74                __ctru_exit
 .text.__sync_init
                0x000000000010cf8c        0xc /opt/devkitpro/libctru/lib/libctru.a(synchronization.o)
                0x000000000010cf8c                __sync_init
 .text.__sync_fini
                0x000000000010cf98       0x18 /opt/devkitpro/libctru/lib/libctru.a(synchronization.o)
                0x000000000010cf98                __sync_fini
 .text.syncArbitrateAddress
                0x000000000010cfb0       0x2c /opt/devkitpro/libctru/lib/libctru.a(synchronization.o)
                0x000000000010cfb0                syncArbitrateAddress
 .text.LightLock_Lock
                0x000000000010cfdc       0xb0 /opt/devkitpro/libctru/lib/libctru.a(synchronization.o)
                0x000000000010cfdc                LightLock_Lock
 .text.LightLock_Unlock
                0x000000000010d08c       0x40 /opt/devkitpro/libctru/lib/libctru.a(synchronization.o)
                0x000000000010d08c                LightLock_Unlock
 .text.RecursiveLock_Init
                0x000000000010d0cc       0x24 /opt/devkitpro/libctru/lib/libctru.a(synchronization.o)
                0x000000000010d0cc                RecursiveLock_Init
 .text.RecursiveLock_Lock
                0x000000000010d0f0       0x30 /opt/devkitpro/libctru/lib/libctru.a(synchronization.o)
                0x000000000010d0f0                RecursiveLock_Lock
 .text.RecursiveLock_Unlock
                0x000000000010d120       0x54 /opt/devkitpro/libctru/lib/libctru.a(synchronization.o)
                0x000000000010d120                RecursiveLock_Unlock
 .text.LightEvent_Init
                0x000000000010d174       0x40 /opt/devkitpro/libctru/lib/libctru.a(synchronization.o)
                0x000000000010d174                LightEvent_Init
 .text.LightEvent_Clear
                0x000000000010d1b4       0xa4 /opt/devkitpro/libctru/lib/libctru.a(synchronization.o)
                0x000000000010d1b4                LightEvent_Clear
 .text.LightEvent_Signal
                0x000000000010d258       0xc8 /opt/devkitpro/libctru/lib/libctru.a(synchronization.o)
                0x000000000010d258                LightEvent_Signal
 .text.LightEvent_TryWait
                0x000000000010d320       0x50 /opt/devkitpro/libctru/lib/libctru.a(synchronization.o)
                0x000000000010d320                LightEvent_TryWait
 .text.LightEvent_Wait
                0x000000000010d370       0xb0 /opt/devkitpro/libctru/lib/libctru.a(synchronization.o)
                0x000000000010d370                LightEvent_Wait
 .text.srvInit  0x000000000010d420      0x130 /opt/devkitpro/libctru/lib/libctru.a(srv.o)
                0x000000000010d420                srvInit
 .text.srvExit  0x000000000010d550       0x58 /opt/devkitpro/libctru/lib/libctru.a(srv.o)
                0x000000000010d550                srvExit
 .text.srvGetServiceHandleDirect
                0x000000000010d5a8       0xa0 /opt/devkitpro/libctru/lib/libctru.a(srv.o)
                0x000000000010d5a8                srvGetServiceHandleDirect
 .text.srvGetServiceHandle
                0x000000000010d648       0x38 /opt/devkitpro/libctru/lib/libctru.a(srv.o)
                0x000000000010d648                srvGetServiceHandle
 .text.srvPublishToSubscriber
                0x000000000010d680       0x38 /opt/devkitpro/libctru/lib/libctru.a(srv.o)
                0x000000000010d680                srvPublishToSubscriber
 .text.threadCreate
                0x000000000010d6b8      0x178 /opt/devkitpro/libctru/lib/libctru.a(thread.o)
                0x000000000010d6b8                threadCreate
 .text.threadFree
                0x000000000010d830       0x2c /opt/devkitpro/libctru/lib/libctru.a(thread.o)
                0x000000000010d830                threadFree
 .text.threadJoin
                0x000000000010d85c       0x24 /opt/devkitpro/libctru/lib/libctru.a(thread.o)
                0x000000000010d85c                threadJoin
 .text.threadGetCurrent
                0x000000000010d880       0x30 /opt/devkitpro/libctru/lib/libctru.a(thread.o)
                0x000000000010d880                threadGetCurrent
 .text.threadExit
                0x000000000010d8b0       0x40 /opt/devkitpro/libctru/lib/libctru.a(thread.o)
                0x000000000010d8b0                threadExit
 .text._thread_begin
                0x000000000010d8f0       0x20 /opt/devkitpro/libctru/lib/libctru.a(thread.o)
 .text.mappableFindAddressWithin
                0x000000000010d910       0xb4 /opt/devkitpro/libctru/lib/libctru.a(mappable.o)
 .text.mappableInit
                0x000000000010d9c4       0x28 /opt/devkitpro/libctru/lib/libctru.a(mappable.o)
                0x000000000010d9c4                mappableInit
 .text.mappableAlloc
                0x000000000010d9ec       0x80 /opt/devkitpro/libctru/lib/libctru.a(mappable.o)
                0x000000000010d9ec                mappableAlloc
 .text.mappableFree
                0x000000000010da6c        0x4 /opt/devkitpro/libctru/lib/libctru.a(mappable.o)
                0x000000000010da6c                mappableFree
 .text.irrstInit
                0x000000000010da70      0x164 /opt/devkitpro/libctru/lib/libctru.a(irrst.o)
                0x000000000010da70                irrstInit
 .text.irrstExit
                0x000000000010dbd4       0xcc /opt/devkitpro/libctru/lib/libctru.a(irrst.o)
                0x000000000010dbd4                irrstExit
 .text.irrstScanInput
                0x000000000010dca0       0xb4 /opt/devkitpro/libctru/lib/libctru.a(irrst.o)
                0x000000000010dca0                irrstScanInput
 .text.irrstKeysHeld
                0x000000000010dd54       0x24 /opt/devkitpro/libctru/lib/libctru.a(irrst.o)
                0x000000000010dd54                irrstKeysHeld
 .text.srvPmGetSessionHandle
                0x000000000010dd78        0xc /opt/devkitpro/libctru/lib/libctru.a(srvpm.o)
                0x000000000010dd78                srvPmGetSessionHandle
 .text.rbtree_node_next
                0x000000000010dd84       0x5c /opt/devkitpro/libctru/lib/libctru.a(rbtree_iterator.o)
                0x000000000010dd84                rbtree_node_next
 .text.encode_utf16
                0x000000000010dde0       0x54 /opt/devkitpro/libctru/lib/libctru.a(encode_utf16.o)
                0x000000000010dde0                encode_utf16
 .text.encode_utf8
                0x000000000010de34       0xe0 /opt/devkitpro/libctru/lib/libctru.a(encode_utf8.o)
                0x000000000010de34                encode_utf8
 .text.decode_utf8
                0x000000000010df14      0x13c /opt/devkitpro/libctru/lib/libctru.a(decode_utf8.o)
                0x000000000010df14                decode_utf8
 .text.__appInit
                0x000000000010e050       0x30 /opt/devkitpro/libctru/lib/libctru.a(appInit.o)
                0x000000000010e050                __appInit
 .text.__syscall_getreent
                0x000000000010e080       0x30 /opt/devkitpro/libctru/lib/libctru.a(syscalls.o)
                0x000000000010e080                __syscall_getreent
 .text.__syscall_lock_acquire
                0x000000000010e0b0        0x4 /opt/devkitpro/libctru/lib/libctru.a(syscalls.o)
                0x000000000010e0b0                __syscall_lock_acquire
 .text.__syscall_lock_release
                0x000000000010e0b4        0x4 /opt/devkitpro/libctru/lib/libctru.a(syscalls.o)
                0x000000000010e0b4                __syscall_lock_release
 .text.__syscall_lock_init_recursive
                0x000000000010e0b8        0x4 /opt/devkitpro/libctru/lib/libctru.a(syscalls.o)
                0x000000000010e0b8                __syscall_lock_init_recursive
 .text.__syscall_lock_acquire_recursive
                0x000000000010e0bc        0x4 /opt/devkitpro/libctru/lib/libctru.a(syscalls.o)
                0x000000000010e0bc                __syscall_lock_acquire_recursive
 .text.__syscall_lock_release_recursive
                0x000000000010e0c0        0x4 /opt/devkitpro/libctru/lib/libctru.a(syscalls.o)
                0x000000000010e0c0                __syscall_lock_release_recursive
 .text.__syscall_exit
                0x000000000010e0c4        0x4 /opt/devkitpro/libctru/lib/libctru.a(syscalls.o)
                0x000000000010e0c4                __syscall_exit
 .text.initThreadVars
                0x000000000010e0c8       0x50 /opt/devkitpro/libctru/lib/libctru.a(syscalls.o)
                0x000000000010e0c8                initThreadVars
 .text.__system_initSyscalls
                0x000000000010e118       0x68 /opt/devkitpro/libctru/lib/libctru.a(syscalls.o)
                0x000000000010e118                __system_initSyscalls
 .text.__appExit
                0x000000000010e180       0x30 /opt/devkitpro/libctru/lib/libctru.a(appExit.o)
                0x000000000010e180                __appExit
 .text.__libctru_exit
                0x000000000010e1b0       0x90 /opt/devkitpro/libctru/lib/libctru.a(ctru_exit.o)
                0x000000000010e1b0                __libctru_exit
 .text.envGetHandle
                0x000000000010e240       0x84 /opt/devkitpro/libctru/lib/libctru.a(env.o)
                0x000000000010e240                envGetHandle
 .text.envDestroyHandles
                0x000000000010e2c4       0x50 /opt/devkitpro/libctru/lib/libctru.a(env.o)
                0x000000000010e2c4                envDestroyHandles
 .text.archive_link
                0x000000000010e314       0x14 /opt/devkitpro/libctru/lib/libctru.a(archive_dev.o)
 .text.archive_dirreset
                0x000000000010e328       0x14 /opt/devkitpro/libctru/lib/libctru.a(archive_dev.o)
 .text.archive_chmod
                0x000000000010e33c       0x14 /opt/devkitpro/libctru/lib/libctru.a(archive_dev.o)
 .text.error_cmp
                0x000000000010e350       0x24 /opt/devkitpro/libctru/lib/libctru.a(archive_dev.o)
 .text.archive_translate_error
                0x000000000010e374       0x50 /opt/devkitpro/libctru/lib/libctru.a(archive_dev.o)
 .text.archive_seek
                0x000000000010e3c4       0xc8 /opt/devkitpro/libctru/lib/libctru.a(archive_dev.o)
 .text._archiveInit.part.0
                0x000000000010e48c       0x7c /opt/devkitpro/libctru/lib/libctru.a(archive_dev.o)
 .text.archiveFindDevice.part.0
                0x000000000010e508       0xc4 /opt/devkitpro/libctru/lib/libctru.a(archive_dev.o)
 .text.archive_utf16path
                0x000000000010e5cc      0x25c /opt/devkitpro/libctru/lib/libctru.a(archive_dev.o)
 .text._archiveUnmountDeviceStruct.part.0
                0x000000000010e828       0xa0 /opt/devkitpro/libctru/lib/libctru.a(archive_dev.o)
 .text.archive_fchmod
                0x000000000010e8c8       0x14 /opt/devkitpro/libctru/lib/libctru.a(archive_dev.o)
 .text.archive_statvfs
                0x000000000010e8dc       0x14 /opt/devkitpro/libctru/lib/libctru.a(archive_dev.o)
 .text._archiveMountDevice
                0x000000000010e8f0      0x164 /opt/devkitpro/libctru/lib/libctru.a(archive_dev.o)
 .text.archive_diropen
                0x000000000010ea54       0xe8 /opt/devkitpro/libctru/lib/libctru.a(archive_dev.o)
 .text.archive_fstat
                0x000000000010eb3c       0xa4 /opt/devkitpro/libctru/lib/libctru.a(archive_dev.o)
 .text.archive_close
                0x000000000010ebe0       0x6c /opt/devkitpro/libctru/lib/libctru.a(archive_dev.o)
 .text.archive_fsync
                0x000000000010ec4c       0x6c /opt/devkitpro/libctru/lib/libctru.a(archive_dev.o)
 .text.archive_dirclose
                0x000000000010ecb8       0x70 /opt/devkitpro/libctru/lib/libctru.a(archive_dev.o)
 .text.sdmc_statvfs
                0x000000000010ed28       0xe8 /opt/devkitpro/libctru/lib/libctru.a(archive_dev.o)
 .text.archive_chdir
                0x000000000010ee10       0xec /opt/devkitpro/libctru/lib/libctru.a(archive_dev.o)
 .text.archive_ftruncate
                0x000000000010eefc       0x7c /opt/devkitpro/libctru/lib/libctru.a(archive_dev.o)
 .text.archive_read
                0x000000000010ef78       0xac /opt/devkitpro/libctru/lib/libctru.a(archive_dev.o)
 .text.archive_unlink
                0x000000000010f024       0xa4 /opt/devkitpro/libctru/lib/libctru.a(archive_dev.o)
 .text.archive_rmdir
                0x000000000010f0c8       0xbc /opt/devkitpro/libctru/lib/libctru.a(archive_dev.o)
 .text.archive_mkdir
                0x000000000010f184       0xdc /opt/devkitpro/libctru/lib/libctru.a(archive_dev.o)
 .text.archive_stat
                0x000000000010f260      0x19c /opt/devkitpro/libctru/lib/libctru.a(archive_dev.o)
 .text.archive_dirnext
                0x000000000010f3fc      0x15c /opt/devkitpro/libctru/lib/libctru.a(archive_dev.o)
 .text.archive_write
                0x000000000010f558       0xec /opt/devkitpro/libctru/lib/libctru.a(archive_dev.o)
 .text.archive_open
                0x000000000010f644      0x1d4 /opt/devkitpro/libctru/lib/libctru.a(archive_dev.o)
 .text.archive_rename
                0x000000000010f818      0x278 /opt/devkitpro/libctru/lib/libctru.a(archive_dev.o)
 .text.archiveMountSdmc
                0x000000000010fa90      0x19c /opt/devkitpro/libctru/lib/libctru.a(archive_dev.o)
                0x000000000010fa90                archiveMountSdmc
 .text.archiveUnmountAll
                0x000000000010fc2c       0x54 /opt/devkitpro/libctru/lib/libctru.a(archive_dev.o)
                0x000000000010fc2c                archiveUnmountAll
 .text.fsInit   0x000000000010fc80       0xcc /opt/devkitpro/libctru/lib/libctru.a(fs.o)
                0x000000000010fc80                fsInit
 .text.fsExit   0x000000000010fd4c       0x3c /opt/devkitpro/libctru/lib/libctru.a(fs.o)
                0x000000000010fd4c                fsExit
 .text.fsExemptFromSession
                0x000000000010fd88       0x60 /opt/devkitpro/libctru/lib/libctru.a(fs.o)
                0x000000000010fd88                fsExemptFromSession
 .text.fsUnexemptFromSession
                0x000000000010fde8       0x50 /opt/devkitpro/libctru/lib/libctru.a(fs.o)
                0x000000000010fde8                fsUnexemptFromSession
 .text.FSUSER_OpenFile
                0x000000000010fe38       0xcc /opt/devkitpro/libctru/lib/libctru.a(fs.o)
                0x000000000010fe38                FSUSER_OpenFile
 .text.FSUSER_DeleteFile
                0x000000000010ff04       0xbc /opt/devkitpro/libctru/lib/libctru.a(fs.o)
                0x000000000010ff04                FSUSER_DeleteFile
 .text.FSUSER_RenameFile
                0x000000000010ffc0       0xf8 /opt/devkitpro/libctru/lib/libctru.a(fs.o)
                0x000000000010ffc0                FSUSER_RenameFile
 .text.FSUSER_DeleteDirectory
                0x00000000001100b8       0xbc /opt/devkitpro/libctru/lib/libctru.a(fs.o)
                0x00000000001100b8                FSUSER_DeleteDirectory
 .text.FSUSER_CreateFile
                0x0000000000110174       0xd4 /opt/devkitpro/libctru/lib/libctru.a(fs.o)
                0x0000000000110174                FSUSER_CreateFile
 .text.FSUSER_CreateDirectory
                0x0000000000110248       0xc4 /opt/devkitpro/libctru/lib/libctru.a(fs.o)
                0x0000000000110248                FSUSER_CreateDirectory
 .text.FSUSER_RenameDirectory
                0x000000000011030c       0xf8 /opt/devkitpro/libctru/lib/libctru.a(fs.o)
                0x000000000011030c                FSUSER_RenameDirectory
 .text.FSUSER_OpenDirectory
                0x0000000000110404       0xb4 /opt/devkitpro/libctru/lib/libctru.a(fs.o)
                0x0000000000110404                FSUSER_OpenDirectory
 .text.FSUSER_OpenArchive
                0x00000000001104b8       0x98 /opt/devkitpro/libctru/lib/libctru.a(fs.o)
                0x00000000001104b8                FSUSER_OpenArchive
 .text.FSUSER_CloseArchive
                0x0000000000110550       0x8c /opt/devkitpro/libctru/lib/libctru.a(fs.o)
                0x0000000000110550                FSUSER_CloseArchive
 .text.FSUSER_GetSdmcArchiveResource
                0x00000000001105dc       0x74 /opt/devkitpro/libctru/lib/libctru.a(fs.o)
                0x00000000001105dc                FSUSER_GetSdmcArchiveResource
 .text.FSUSER_IsSdmcWritable
                0x0000000000110650       0x64 /opt/devkitpro/libctru/lib/libctru.a(fs.o)
                0x0000000000110650                FSUSER_IsSdmcWritable
 .text.FSFILE_Read
                0x00000000001106b4       0x58 /opt/devkitpro/libctru/lib/libctru.a(fs.o)
                0x00000000001106b4                FSFILE_Read
 .text.FSFILE_Write
                0x000000000011070c       0x60 /opt/devkitpro/libctru/lib/libctru.a(fs.o)
                0x000000000011070c                FSFILE_Write
 .text.FSFILE_GetSize
                0x000000000011076c       0x3c /opt/devkitpro/libctru/lib/libctru.a(fs.o)
                0x000000000011076c                FSFILE_GetSize
 .text.FSFILE_SetSize
                0x00000000001107a8       0x28 /opt/devkitpro/libctru/lib/libctru.a(fs.o)
                0x00000000001107a8                FSFILE_SetSize
 .text.FSFILE_Close
                0x00000000001107d0       0x3c /opt/devkitpro/libctru/lib/libctru.a(fs.o)
                0x00000000001107d0                FSFILE_Close
 .text.FSFILE_Flush
                0x000000000011080c       0x24 /opt/devkitpro/libctru/lib/libctru.a(fs.o)
                0x000000000011080c                FSFILE_Flush
 .text.FSDIR_Read
                0x0000000000110830       0x50 /opt/devkitpro/libctru/lib/libctru.a(fs.o)
                0x0000000000110830                FSDIR_Read
 .text.FSDIR_Close
                0x0000000000110880       0x3c /opt/devkitpro/libctru/lib/libctru.a(fs.o)
                0x0000000000110880                FSDIR_Close
 .text.__aeabi_read_tp
                0x00000000001108bc        0xc /opt/devkitpro/libctru/lib/libctru.a(readtp.o)
                0x00000000001108bc                __aeabi_read_tp
 .text.__udivmoddi4
                0x00000000001108c8      0x120 /opt/devkitpro/devkitARM/bin/../lib/gcc/arm-none-eabi/12.1.0/armv6k/fpu/libgcc.a(_udivmoddi4.o)
                0x00000000001108c8                __udivmoddi4
 .text.bsearch  0x00000000001109e8       0x78 /opt/devkitpro/devkitARM/bin/../lib/gcc/arm-none-eabi/12.1.0/../../../../arm-none-eabi/lib/armv6k/fpu/libg.a(lib_a-bsearch.o)
                0x00000000001109e8                bsearch
 .text.calloc   0x0000000000110a60       0x20 /opt/devkitpro/devkitARM/bin/../lib/gcc/arm-none-eabi/12.1.0/../../../../arm-none-eabi/lib/armv6k/fpu/libg.a(lib_a-calloc.o)
                0x0000000000110a60                calloc
 .text._calloc_r
                0x0000000000110a80       0xc0 /opt/devkitpro/devkitARM/bin/../lib/gcc/arm-none-eabi/12.1.0/../../../../arm-none-eabi/lib/armv6k/fpu/libg.a(lib_a-callocr.o)
                0x0000000000110a80                _calloc_r
 .text.__errno  0x0000000000110b40        0xc /opt/devkitpro/devkitARM/bin/../lib/gcc/arm-none-eabi/12.1.0/../../../../arm-none-eabi/lib/armv6k/fpu/libg.a(lib_a-errno.o)
                0x0000000000110b40                __errno
 .text.exit     0x0000000000110b4c       0x34 /opt/devkitpro/devkitARM/bin/../lib/gcc/arm-none-eabi/12.1.0/../../../../arm-none-eabi/lib/armv6k/fpu/libg.a(lib_a-exit.o)
                0x0000000000110b4c                exit
 .text.__sflush_r
                0x0000000000110b80      0x234 /opt/devkitpro/devkitARM/bin/../lib/gcc/arm-none-eabi/12.1.0/../../../../arm-none-eabi/lib/armv6k/fpu/libg.a(lib_a-fflush.o)
                0x0000000000110b80                __sflush_r
 .text._fflush_r
                0x0000000000110db4       0x94 /opt/devkitpro/devkitARM/bin/../lib/gcc/arm-none-eabi/12.1.0/../../../../arm-none-eabi/lib/armv6k/fpu/libg.a(lib_a-fflush.o)
                0x0000000000110db4                _fflush_r
 .text._cleanup_r
                0x0000000000110e48        0xc /opt/devkitpro/devkitARM/bin/../lib/gcc/arm-none-eabi/12.1.0/../../../../arm-none-eabi/lib/armv6k/fpu/libg.a(lib_a-findfp.o)
                0x0000000000110e48                _cleanup_r
 .text.__sinit  0x0000000000110e54      0x184 /opt/devkitpro/devkitARM/bin/../lib/gcc/arm-none-eabi/12.1.0/../../../../arm-none-eabi/lib/armv6k/fpu/libg.a(lib_a-findfp.o)
                0x0000000000110e54                __sinit
 .text.__sfp_lock_acquire
                0x0000000000110fd8        0xc /opt/devkitpro/devkitARM/bin/../lib/gcc/arm-none-eabi/12.1.0/../../../../arm-none-eabi/lib/armv6k/fpu/libg.a(lib_a-findfp.o)
                0x0000000000110fd8                __sfp_lock_acquire
 .text.__sfp_lock_release
                0x0000000000110fe4        0xc /opt/devkitpro/devkitARM/bin/../lib/gcc/arm-none-eabi/12.1.0/../../../../arm-none-eabi/lib/armv6k/fpu/libg.a(lib_a-findfp.o)
                0x0000000000110fe4                __sfp_lock_release
 .text.__libc_fini_array
                0x0000000000110ff0       0x3c /opt/devkitpro/devkitARM/bin/../lib/gcc/arm-none-eabi/12.1.0/../../../../arm-none-eabi/lib/armv6k/fpu/libg.a(lib_a-fini.o)
                0x0000000000110ff0                __libc_fini_array
 .text._malloc_trim_r
                0x000000000011102c       0xf8 /opt/devkitpro/devkitARM/bin/../lib/gcc/arm-none-eabi/12.1.0/../../../../arm-none-eabi/lib/armv6k/fpu/libg.a(lib_a-freer.o)
                0x000000000011102c                _malloc_trim_r
 .text._free_r  0x0000000000111124      0x2e8 /opt/devkitpro/devkitARM/bin/../lib/gcc/arm-none-eabi/12.1.0/../../../../arm-none-eabi/lib/armv6k/fpu/libg.a(lib_a-freer.o)
                0x0000000000111124                _free_r
 .text._fwalk_reent
                0x000000000011140c       0x70 /opt/devkitpro/devkitARM/bin/../lib/gcc/arm-none-eabi/12.1.0/../../../../arm-none-eabi/lib/armv6k/fpu/libg.a(lib_a-fwalk.o)
                0x000000000011140c                _fwalk_reent
 .text.__libc_init_array
                0x000000000011147c       0x84 /opt/devkitpro/devkitARM/bin/../lib/gcc/arm-none-eabi/12.1.0/../../../../arm-none-eabi/lib/armv6k/fpu/libg.a(lib_a-init.o)
                0x000000000011147c                __libc_init_array
 .text.memalign
                0x0000000000111500       0x20 /opt/devkitpro/devkitARM/bin/../lib/gcc/arm-none-eabi/12.1.0/../../../../arm-none-eabi/lib/armv6k/fpu/libg.a(lib_a-malign.o)
                0x0000000000111500                memalign
 .text._memalign_r
                0x0000000000111520      0x14c /opt/devkitpro/devkitARM/bin/../lib/gcc/arm-none-eabi/12.1.0/../../../../arm-none-eabi/lib/armv6k/fpu/libg.a(lib_a-malignr.o)
                0x0000000000111520                _memalign_r
 .text.malloc   0x000000000011166c       0x18 /opt/devkitpro/devkitARM/bin/../lib/gcc/arm-none-eabi/12.1.0/../../../../arm-none-eabi/lib/armv6k/fpu/libg.a(lib_a-malloc.o)
                0x000000000011166c                malloc
 .text.free     0x0000000000111684       0x18 /opt/devkitpro/devkitARM/bin/../lib/gcc/arm-none-eabi/12.1.0/../../../../arm-none-eabi/lib/armv6k/fpu/libg.a(lib_a-malloc.o)
                0x0000000000111684                free
 .text._malloc_r
                0x000000000011169c      0x7e4 /opt/devkitpro/devkitARM/bin/../lib/gcc/arm-none-eabi/12.1.0/../../../../arm-none-eabi/lib/armv6k/fpu/libg.a(lib_a-mallocr.o)
                0x000000000011169c                _malloc_r
 .text.memchr   0x0000000000111e80       0xe4 /opt/devkitpro/devkitARM/bin/../lib/gcc/arm-none-eabi/12.1.0/../../../../arm-none-eabi/lib/armv6k/fpu/libg.a(lib_a-memchr-stub.o)
                0x0000000000111e80                memchr
 .text.memcpy   0x0000000000111f64      0x118 /opt/devkitpro/devkitARM/bin/../lib/gcc/arm-none-eabi/12.1.0/../../../../arm-none-eabi/lib/armv6k/fpu/libg.a(lib_a-memcpy-stub.o)
                0x0000000000111f64                memcpy
 .text.memset   0x000000000011207c       0xf4 /opt/devkitpro/devkitARM/bin/../lib/gcc/arm-none-eabi/12.1.0/../../../../arm-none-eabi/lib/armv6k/fpu/libg.a(lib_a-memset.o)
                0x000000000011207c                memset
 .text.__malloc_lock
                0x0000000000112170        0xc /opt/devkitpro/devkitARM/bin/../lib/gcc/arm-none-eabi/12.1.0/../../../../arm-none-eabi/lib/armv6k/fpu/libg.a(lib_a-mlock.o)
                0x0000000000112170                __malloc_lock
 .text.__malloc_unlock
                0x000000000011217c        0xc /opt/devkitpro/devkitARM/bin/../lib/gcc/arm-none-eabi/12.1.0/../../../../arm-none-eabi/lib/armv6k/fpu/libg.a(lib_a-mlock.o)
                0x000000000011217c                __malloc_unlock
 .text.printf   0x0000000000112188       0x34 /opt/devkitpro/devkitARM/bin/../lib/gcc/arm-none-eabi/12.1.0/../../../../arm-none-eabi/lib/armv6k/fpu/libg.a(lib_a-printf.o)
                0x0000000000112188                printf
 .text.rand     0x00000000001121bc       0x44 /opt/devkitpro/devkitARM/bin/../lib/gcc/arm-none-eabi/12.1.0/../../../../arm-none-eabi/lib/armv6k/fpu/libg.a(lib_a-rand.o)
                0x00000000001121bc                rand
 .text.setvbuf  0x0000000000112200      0x25c /opt/devkitpro/devkitARM/bin/../lib/gcc/arm-none-eabi/12.1.0/../../../../arm-none-eabi/lib/armv6k/fpu/libg.a(lib_a-setvbuf.o)
                0x0000000000112200                setvbuf
 .text.sscanf   0x000000000011245c       0x74 /opt/devkitpro/devkitARM/bin/../lib/gcc/arm-none-eabi/12.1.0/../../../../arm-none-eabi/lib/armv6k/fpu/libg.a(lib_a-sscanf.o)
                0x000000000011245c                sscanf
 .text.__sread  0x00000000001124d0       0x44 /opt/devkitpro/devkitARM/bin/../lib/gcc/arm-none-eabi/12.1.0/../../../../arm-none-eabi/lib/armv6k/fpu/libg.a(lib_a-stdio.o)
                0x00000000001124d0                __sread
 .text.__seofread
                0x0000000000112514        0x8 /opt/devkitpro/devkitARM/bin/../lib/gcc/arm-none-eabi/12.1.0/../../../../arm-none-eabi/lib/armv6k/fpu/libg.a(lib_a-stdio.o)
                0x0000000000112514                __seofread
 .text.__swrite
                0x000000000011251c       0x68 /opt/devkitpro/devkitARM/bin/../lib/gcc/arm-none-eabi/12.1.0/../../../../arm-none-eabi/lib/armv6k/fpu/libg.a(lib_a-stdio.o)
                0x000000000011251c                __swrite
 .text.__sseek  0x0000000000112584       0x44 /opt/devkitpro/devkitARM/bin/../lib/gcc/arm-none-eabi/12.1.0/../../../../arm-none-eabi/lib/armv6k/fpu/libg.a(lib_a-stdio.o)
                0x0000000000112584                __sseek
 .text.__sclose
                0x00000000001125c8        0x8 /opt/devkitpro/devkitARM/bin/../lib/gcc/arm-none-eabi/12.1.0/../../../../arm-none-eabi/lib/armv6k/fpu/libg.a(lib_a-stdio.o)
                0x00000000001125c8                __sclose
 .text.strlen   0x00000000001125d0       0x5c /opt/devkitpro/devkitARM/bin/../lib/gcc/arm-none-eabi/12.1.0/../../../../arm-none-eabi/lib/armv6k/fpu/libg.a(lib_a-strlen-stub.o)
                0x00000000001125d0                strlen
 .text.strncat  0x000000000011262c       0xe4 /opt/devkitpro/devkitARM/bin/../lib/gcc/arm-none-eabi/12.1.0/../../../../arm-none-eabi/lib/armv6k/fpu/libg.a(lib_a-strncat.o)
                0x000000000011262c                strncat
 .text.strncmp  0x0000000000112710       0xe4 /opt/devkitpro/devkitARM/bin/../lib/gcc/arm-none-eabi/12.1.0/../../../../arm-none-eabi/lib/armv6k/fpu/libg.a(lib_a-strncmp.o)
                0x0000000000112710                strncmp
 .text.strncpy  0x00000000001127f4       0xc4 /opt/devkitpro/devkitARM/bin/../lib/gcc/arm-none-eabi/12.1.0/../../../../arm-none-eabi/lib/armv6k/fpu/libg.a(lib_a-strncpy.o)
                0x00000000001127f4                strncpy
 .text.strnlen  0x00000000001128b8       0x48 /opt/devkitpro/devkitARM/bin/../lib/gcc/arm-none-eabi/12.1.0/../../../../arm-none-eabi/lib/armv6k/fpu/libg.a(lib_a-strnlen.o)
                0x00000000001128b8                strnlen
 .text._strtoul_l.constprop.0
                0x0000000000112900      0x1c4 /opt/devkitpro/devkitARM/bin/../lib/gcc/arm-none-eabi/12.1.0/../../../../arm-none-eabi/lib/armv6k/fpu/libg.a(lib_a-strtoul.o)
 .text._strtoul_r
                0x0000000000112ac4        0x4 /opt/devkitpro/devkitARM/bin/../lib/gcc/arm-none-eabi/12.1.0/../../../../arm-none-eabi/lib/armv6k/fpu/libg.a(lib_a-strtoul.o)
                0x0000000000112ac4                _strtoul_r
 .text.strtoul  0x0000000000112ac8       0x28 /opt/devkitpro/devkitARM/bin/../lib/gcc/arm-none-eabi/12.1.0/../../../../arm-none-eabi/lib/armv6k/fpu/libg.a(lib_a-strtoul.o)
                0x0000000000112ac8                strtoul
 .text.get_arg  0x0000000000112af0       0x50 /opt/devkitpro/devkitARM/bin/../lib/gcc/arm-none-eabi/12.1.0/../../../../arm-none-eabi/lib/armv6k/fpu/libg.a(lib_a-svfscanf.o)
 .text.__ssvfscanf_r
                0x0000000000112b40     0x2c38 /opt/devkitpro/devkitARM/bin/../lib/gcc/arm-none-eabi/12.1.0/../../../../arm-none-eabi/lib/armv6k/fpu/libg.a(lib_a-svfscanf.o)
                0x0000000000112b40                __ssvfscanf_r
 .text.get_arg  0x0000000000115778      0x66c /opt/devkitpro/devkitARM/bin/../lib/gcc/arm-none-eabi/12.1.0/../../../../arm-none-eabi/lib/armv6k/fpu/libg.a(lib_a-vfprintf.o)
 *fill*         0x0000000000115de4        0x4 
 .text._vfprintf_r
                0x0000000000115de8     0x339c /opt/devkitpro/devkitARM/bin/../lib/gcc/arm-none-eabi/12.1.0/../../../../arm-none-eabi/lib/armv6k/fpu/libg.a(lib_a-vfprintf.o)
                0x0000000000115de8                _vfprintf_r
 .text.__sbprintf
                0x0000000000119184       0xd0 /opt/devkitpro/devkitARM/bin/../lib/gcc/arm-none-eabi/12.1.0/../../../../arm-none-eabi/lib/armv6k/fpu/libg.a(lib_a-vfprintf.o)
 .text._wcrtomb_r
                0x0000000000119254       0x54 /opt/devkitpro/devkitARM/bin/../lib/gcc/arm-none-eabi/12.1.0/../../../../arm-none-eabi/lib/armv6k/fpu/libg.a(lib_a-wcrtomb.o)
                0x0000000000119254                _wcrtomb_r
 .text._wcsrtombs_r
                0x00000000001192a8       0x28 /opt/devkitpro/devkitARM/bin/../lib/gcc/arm-none-eabi/12.1.0/../../../../arm-none-eabi/lib/armv6k/fpu/libg.a(lib_a-wcsrtombs.o)
                0x00000000001192a8                _wcsrtombs_r
 .text.__swsetup_r
                0x00000000001192d0      0x13c /opt/devkitpro/devkitARM/bin/../lib/gcc/arm-none-eabi/12.1.0/../../../../arm-none-eabi/lib/armv6k/fpu/libg.a(lib_a-wsetup.o)
                0x00000000001192d0                __swsetup_r
 .text.__call_exitprocs
                0x000000000011940c      0x114 /opt/devkitpro/devkitARM/bin/../lib/gcc/arm-none-eabi/12.1.0/../../../../arm-none-eabi/lib/armv6k/fpu/libg.a(lib_a-__call_atexit.o)
                0x000000000011940c                __call_exitprocs
 .text.quorem   0x0000000000119520      0x1b0 /opt/devkitpro/devkitARM/bin/../lib/gcc/arm-none-eabi/12.1.0/../../../../arm-none-eabi/lib/armv6k/fpu/libg.a(lib_a-dtoa.o)
 .text._dtoa_r  0x00000000001196d0     0x11f8 /opt/devkitpro/devkitARM/bin/../lib/gcc/arm-none-eabi/12.1.0/../../../../arm-none-eabi/lib/armv6k/fpu/libg.a(lib_a-dtoa.o)
                0x00000000001196d0                _dtoa_r
 .text._fclose_r
                0x000000000011a8c8      0x15c /opt/devkitpro/devkitARM/bin/../lib/gcc/arm-none-eabi/12.1.0/../../../../arm-none-eabi/lib/armv6k/fpu/libg.a(lib_a-fclose.o)
                0x000000000011a8c8                _fclose_r
 .text.iswspace
                0x000000000011aa24        0x8 /opt/devkitpro/devkitARM/bin/../lib/gcc/arm-none-eabi/12.1.0/../../../../arm-none-eabi/lib/armv6k/fpu/libg.a(lib_a-iswspace.o)
                0x000000000011aa24                iswspace
 .text._localeconv_r
                0x000000000011aa2c        0xc /opt/devkitpro/devkitARM/bin/../lib/gcc/arm-none-eabi/12.1.0/../../../../arm-none-eabi/lib/armv6k/fpu/libg.a(lib_a-localeconv.o)
                0x000000000011aa2c                _localeconv_r
 .text.__locale_mb_cur_max
                0x000000000011aa38       0x10 /opt/devkitpro/devkitARM/bin/../lib/gcc/arm-none-eabi/12.1.0/../../../../arm-none-eabi/lib/armv6k/fpu/libg.a(lib_a-locale.o)
                0x000000000011aa38                __locale_mb_cur_max
 .text.__smakebuf_r
                0x000000000011aa48      0x138 /opt/devkitpro/devkitARM/bin/../lib/gcc/arm-none-eabi/12.1.0/../../../../arm-none-eabi/lib/armv6k/fpu/libg.a(lib_a-makebuf.o)
                0x000000000011aa48                __smakebuf_r
 .text.__swhatbuf_r
                0x000000000011ab80       0x8c /opt/devkitpro/devkitARM/bin/../lib/gcc/arm-none-eabi/12.1.0/../../../../arm-none-eabi/lib/armv6k/fpu/libg.a(lib_a-makebuf.o)
                0x000000000011ab80                __swhatbuf_r
 .text._mbrtowc_r
                0x000000000011ac0c       0x68 /opt/devkitpro/devkitARM/bin/../lib/gcc/arm-none-eabi/12.1.0/../../../../arm-none-eabi/lib/armv6k/fpu/libg.a(lib_a-mbrtowc.o)
                0x000000000011ac0c                _mbrtowc_r
 .text.__utf8_mbtowc
                0x000000000011ac74      0x2f8 /opt/devkitpro/devkitARM/bin/../lib/gcc/arm-none-eabi/12.1.0/../../../../arm-none-eabi/lib/armv6k/fpu/libg.a(lib_a-mbtowc_r.o)
                0x000000000011ac74                __utf8_mbtowc
 .text._Balloc  0x000000000011af6c       0x88 /opt/devkitpro/devkitARM/bin/../lib/gcc/arm-none-eabi/12.1.0/../../../../arm-none-eabi/lib/armv6k/fpu/libg.a(lib_a-mprec.o)
                0x000000000011af6c                _Balloc
 .text._Bfree   0x000000000011aff4       0x1c /opt/devkitpro/devkitARM/bin/../lib/gcc/arm-none-eabi/12.1.0/../../../../arm-none-eabi/lib/armv6k/fpu/libg.a(lib_a-mprec.o)
                0x000000000011aff4                _Bfree
 .text.__multadd
                0x000000000011b010       0xf4 /opt/devkitpro/devkitARM/bin/../lib/gcc/arm-none-eabi/12.1.0/../../../../arm-none-eabi/lib/armv6k/fpu/libg.a(lib_a-mprec.o)
                0x000000000011b010                __multadd
 .text.__s2b    0x000000000011b104      0x110 /opt/devkitpro/devkitARM/bin/../lib/gcc/arm-none-eabi/12.1.0/../../../../arm-none-eabi/lib/armv6k/fpu/libg.a(lib_a-mprec.o)
                0x000000000011b104                __s2b
 .text.__hi0bits
                0x000000000011b214       0x60 /opt/devkitpro/devkitARM/bin/../lib/gcc/arm-none-eabi/12.1.0/../../../../arm-none-eabi/lib/armv6k/fpu/libg.a(lib_a-mprec.o)
                0x000000000011b214                __hi0bits
 .text.__lo0bits
                0x000000000011b274       0x9c /opt/devkitpro/devkitARM/bin/../lib/gcc/arm-none-eabi/12.1.0/../../../../arm-none-eabi/lib/armv6k/fpu/libg.a(lib_a-mprec.o)
                0x000000000011b274                __lo0bits
 .text.__i2b    0x000000000011b310       0xa8 /opt/devkitpro/devkitARM/bin/../lib/gcc/arm-none-eabi/12.1.0/../../../../arm-none-eabi/lib/armv6k/fpu/libg.a(lib_a-mprec.o)
                0x000000000011b310                __i2b
 .text.__multiply
                0x000000000011b3b8      0x204 /opt/devkitpro/devkitARM/bin/../lib/gcc/arm-none-eabi/12.1.0/../../../../arm-none-eabi/lib/armv6k/fpu/libg.a(lib_a-mprec.o)
                0x000000000011b3b8                __multiply
 .text.__pow5mult
                0x000000000011b5bc      0x124 /opt/devkitpro/devkitARM/bin/../lib/gcc/arm-none-eabi/12.1.0/../../../../arm-none-eabi/lib/armv6k/fpu/libg.a(lib_a-mprec.o)
                0x000000000011b5bc                __pow5mult
 .text.__lshift
                0x000000000011b6e0      0x140 /opt/devkitpro/devkitARM/bin/../lib/gcc/arm-none-eabi/12.1.0/../../../../arm-none-eabi/lib/armv6k/fpu/libg.a(lib_a-mprec.o)
                0x000000000011b6e0                __lshift
 .text.__mcmp   0x000000000011b820       0x58 /opt/devkitpro/devkitARM/bin/../lib/gcc/arm-none-eabi/12.1.0/../../../../arm-none-eabi/lib/armv6k/fpu/libg.a(lib_a-mprec.o)
                0x000000000011b820                __mcmp
 .text.__mdiff  0x000000000011b878      0x1ec /opt/devkitpro/devkitARM/bin/../lib/gcc/arm-none-eabi/12.1.0/../../../../arm-none-eabi/lib/armv6k/fpu/libg.a(lib_a-mprec.o)
                0x000000000011b878                __mdiff
 .text.__ulp    0x000000000011ba64       0x68 /opt/devkitpro/devkitARM/bin/../lib/gcc/arm-none-eabi/12.1.0/../../../../arm-none-eabi/lib/armv6k/fpu/libg.a(lib_a-mprec.o)
                0x000000000011ba64                __ulp
 .text.__b2d    0x000000000011bacc       0xd0 /opt/devkitpro/devkitARM/bin/../lib/gcc/arm-none-eabi/12.1.0/../../../../arm-none-eabi/lib/armv6k/fpu/libg.a(lib_a-mprec.o)
                0x000000000011bacc                __b2d
 .text.__d2b    0x000000000011bb9c      0x120 /opt/devkitpro/devkitARM/bin/../lib/gcc/arm-none-eabi/12.1.0/../../../../arm-none-eabi/lib/armv6k/fpu/libg.a(lib_a-mprec.o)
                0x000000000011bb9c                __d2b
 .text.__ratio  0x000000000011bcbc       0x78 /opt/devkitpro/devkitARM/bin/../lib/gcc/arm-none-eabi/12.1.0/../../../../arm-none-eabi/lib/armv6k/fpu/libg.a(lib_a-mprec.o)
                0x000000000011bcbc                __ratio
 .text.__copybits
                0x000000000011bd34       0x88 /opt/devkitpro/devkitARM/bin/../lib/gcc/arm-none-eabi/12.1.0/../../../../arm-none-eabi/lib/armv6k/fpu/libg.a(lib_a-mprec.o)
                0x000000000011bd34                __copybits
 .text.__any_on
                0x000000000011bdbc       0x5c /opt/devkitpro/devkitARM/bin/../lib/gcc/arm-none-eabi/12.1.0/../../../../arm-none-eabi/lib/armv6k/fpu/libg.a(lib_a-mprec.o)
                0x000000000011bdbc                __any_on
 .text.realloc  0x000000000011be18       0x20 /opt/devkitpro/devkitARM/bin/../lib/gcc/arm-none-eabi/12.1.0/../../../../arm-none-eabi/lib/armv6k/fpu/libg.a(lib_a-realloc.o)
                0x000000000011be18                realloc
 .text._realloc_r
                0x000000000011be38      0x4a0 /opt/devkitpro/devkitARM/bin/../lib/gcc/arm-none-eabi/12.1.0/../../../../arm-none-eabi/lib/armv6k/fpu/libg.a(lib_a-reallocr.o)
                0x000000000011be38                _realloc_r
 .text.__sccl   0x000000000011c2d8       0xf4 /opt/devkitpro/devkitARM/bin/../lib/gcc/arm-none-eabi/12.1.0/../../../../arm-none-eabi/lib/armv6k/fpu/libg.a(lib_a-sccl.o)
                0x000000000011c2d8                __sccl
 .text.nanf     0x000000000011c3cc        0xc /opt/devkitpro/devkitARM/bin/../lib/gcc/arm-none-eabi/12.1.0/../../../../arm-none-eabi/lib/armv6k/fpu/libg.a(lib_a-sf_nan.o)
                0x000000000011c3cc                nanf
 .text.frexp    0x000000000011c3d8       0x88 /opt/devkitpro/devkitARM/bin/../lib/gcc/arm-none-eabi/12.1.0/../../../../arm-none-eabi/lib/armv6k/fpu/libg.a(lib_a-s_frexp.o)
                0x000000000011c3d8                frexp
 .text.sprintf  0x000000000011c460       0x64 /opt/devkitpro/devkitARM/bin/../lib/gcc/arm-none-eabi/12.1.0/../../../../arm-none-eabi/lib/armv6k/fpu/libg.a(lib_a-sprintf.o)
                0x000000000011c460                sprintf
 .text.stpncpy  0x000000000011c4c4       0xcc /opt/devkitpro/devkitARM/bin/../lib/gcc/arm-none-eabi/12.1.0/../../../../arm-none-eabi/lib/armv6k/fpu/libg.a(lib_a-stpncpy.o)
                0x000000000011c4c4                stpncpy
 .text.strchr   0x000000000011c590      0x130 /opt/devkitpro/devkitARM/bin/../lib/gcc/arm-none-eabi/12.1.0/../../../../arm-none-eabi/lib/armv6k/fpu/libg.a(lib_a-strchr.o)
                0x000000000011c590                strchr
 .text.sulp     0x000000000011c6c0       0x64 /opt/devkitpro/devkitARM/bin/../lib/gcc/arm-none-eabi/12.1.0/../../../../arm-none-eabi/lib/armv6k/fpu/libg.a(lib_a-strtod.o)
 *fill*         0x000000000011c724        0x4 
 .text._strtod_l
                0x000000000011c728     0x13a8 /opt/devkitpro/devkitARM/bin/../lib/gcc/arm-none-eabi/12.1.0/../../../../arm-none-eabi/lib/armv6k/fpu/libg.a(lib_a-strtod.o)
                0x000000000011c728                _strtod_l
 .text._strtod_r
                0x000000000011dad0        0xc /opt/devkitpro/devkitARM/bin/../lib/gcc/arm-none-eabi/12.1.0/../../../../arm-none-eabi/lib/armv6k/fpu/libg.a(lib_a-strtod.o)
                0x000000000011dad0                _strtod_r
 .text._strtoll_l.constprop.0
                0x000000000011dadc      0x22c /opt/devkitpro/devkitARM/bin/../lib/gcc/arm-none-eabi/12.1.0/../../../../arm-none-eabi/lib/armv6k/fpu/libg.a(lib_a-strtoll.o)
 .text._strtoll_r
                0x000000000011dd08        0x4 /opt/devkitpro/devkitARM/bin/../lib/gcc/arm-none-eabi/12.1.0/../../../../arm-none-eabi/lib/armv6k/fpu/libg.a(lib_a-strtoll.o)
                0x000000000011dd08                _strtoll_r
 .text._strtol_l.part.0
                0x000000000011dd0c      0x1a4 /opt/devkitpro/devkitARM/bin/../lib/gcc/arm-none-eabi/12.1.0/../../../../arm-none-eabi/lib/armv6k/fpu/libg.a(lib_a-strtol.o)
 .text._strtol_r
                0x000000000011deb0       0x3c /opt/devkitpro/devkitARM/bin/../lib/gcc/arm-none-eabi/12.1.0/../../../../arm-none-eabi/lib/armv6k/fpu/libg.a(lib_a-strtol.o)
                0x000000000011deb0                _strtol_r
 .text._strtoull_l.constprop.0
                0x000000000011deec      0x244 /opt/devkitpro/devkitARM/bin/../lib/gcc/arm-none-eabi/12.1.0/../../../../arm-none-eabi/lib/armv6k/fpu/libg.a(lib_a-strtoull.o)
 .text._strtoull_r
                0x000000000011e130        0x4 /opt/devkitpro/devkitARM/bin/../lib/gcc/arm-none-eabi/12.1.0/../../../../arm-none-eabi/lib/armv6k/fpu/libg.a(lib_a-strtoull.o)
                0x000000000011e130                _strtoull_r
 .text.__ssprint_r
                0x000000000011e134      0x188 /opt/devkitpro/devkitARM/bin/../lib/gcc/arm-none-eabi/12.1.0/../../../../arm-none-eabi/lib/armv6k/fpu/libg.a(lib_a-svfiprintf.o)
                0x000000000011e134                __ssprint_r
 .text._sungetc_r
                0x000000000011e2bc       0xd4 /opt/devkitpro/devkitARM/bin/../lib/gcc/arm-none-eabi/12.1.0/../../../../arm-none-eabi/lib/armv6k/fpu/libg.a(lib_a-svfiscanf.o)
                0x000000000011e2bc                _sungetc_r
 .text.__ssrefill_r
                0x000000000011e390       0x6c /opt/devkitpro/devkitARM/bin/../lib/gcc/arm-none-eabi/12.1.0/../../../../arm-none-eabi/lib/armv6k/fpu/libg.a(lib_a-svfiscanf.o)
                0x000000000011e390                __ssrefill_r
 .text._sfread_r
                0x000000000011e3fc       0xc4 /opt/devkitpro/devkitARM/bin/../lib/gcc/arm-none-eabi/12.1.0/../../../../arm-none-eabi/lib/armv6k/fpu/libg.a(lib_a-svfiscanf.o)
                0x000000000011e3fc                _sfread_r
 .text.get_arg  0x000000000011e4c0      0x66c /opt/devkitpro/devkitARM/bin/../lib/gcc/arm-none-eabi/12.1.0/../../../../arm-none-eabi/lib/armv6k/fpu/libg.a(lib_a-svfprintf.o)
 *fill*         0x000000000011eb2c        0x4 
 .text._svfprintf_r
                0x000000000011eb30     0x3334 /opt/devkitpro/devkitARM/bin/../lib/gcc/arm-none-eabi/12.1.0/../../../../arm-none-eabi/lib/armv6k/fpu/libg.a(lib_a-svfprintf.o)
                0x000000000011eb30                _svfprintf_r
 .text.__submore
                0x0000000000121e64       0xa8 /opt/devkitpro/devkitARM/bin/../lib/gcc/arm-none-eabi/12.1.0/../../../../arm-none-eabi/lib/armv6k/fpu/libg.a(lib_a-ungetc.o)
                0x0000000000121e64                __submore
 .text.get_arg  0x0000000000121f0c      0x66c /opt/devkitpro/devkitARM/bin/../lib/gcc/arm-none-eabi/12.1.0/../../../../arm-none-eabi/lib/armv6k/fpu/libg.a(lib_a-vfiprintf.o)
 .text.__sprint_r
                0x0000000000122578       0x30 /opt/devkitpro/devkitARM/bin/../lib/gcc/arm-none-eabi/12.1.0/../../../../arm-none-eabi/lib/armv6k/fpu/libg.a(lib_a-vfiprintf.o)
                0x0000000000122578                __sprint_r
 .text._vfiprintf_r
                0x00000000001225a8     0x22ec /opt/devkitpro/devkitARM/bin/../lib/gcc/arm-none-eabi/12.1.0/../../../../arm-none-eabi/lib/armv6k/fpu/libg.a(lib_a-vfiprintf.o)
                0x00000000001225a8                _vfiprintf_r
 .text.__sbprintf
                0x0000000000124894       0xd0 /opt/devkitpro/devkitARM/bin/../lib/gcc/arm-none-eabi/12.1.0/../../../../arm-none-eabi/lib/armv6k/fpu/libg.a(lib_a-vfiprintf.o)
 .text._wcsnrtombs_l
                0x0000000000124964      0x188 /opt/devkitpro/devkitARM/bin/../lib/gcc/arm-none-eabi/12.1.0/../../../../arm-none-eabi/lib/armv6k/fpu/libg.a(lib_a-wcsnrtombs.o)
                0x0000000000124964                _wcsnrtombs_l
 .text._wcsnrtombs_r
                0x0000000000124aec       0x4c /opt/devkitpro/devkitARM/bin/../lib/gcc/arm-none-eabi/12.1.0/../../../../arm-none-eabi/lib/armv6k/fpu/libg.a(lib_a-wcsnrtombs.o)
                0x0000000000124aec                _wcsnrtombs_r
 .text.__utf8_wctomb
                0x0000000000124b38       0xf0 /opt/devkitpro/devkitARM/bin/../lib/gcc/arm-none-eabi/12.1.0/../../../../arm-none-eabi/lib/armv6k/fpu/libg.a(lib_a-wctomb_r.o)
                0x0000000000124b38                __utf8_wctomb
 .text.__assert_func
                0x0000000000124c28       0x5c /opt/devkitpro/devkitARM/bin/../lib/gcc/arm-none-eabi/12.1.0/../../../../arm-none-eabi/lib/armv6k/fpu/libg.a(lib_a-assert.o)
                0x0000000000124c28                __assert_func
 .text.fiprintf
                0x0000000000124c84       0x3c /opt/devkitpro/devkitARM/bin/../lib/gcc/arm-none-eabi/12.1.0/../../../../arm-none-eabi/lib/armv6k/fpu/libg.a(lib_a-fiprintf.o)
                0x0000000000124c84                fiprintf
 .text.__sfvwrite_r
                0x0000000000124cc0      0x4b4 /opt/devkitpro/devkitARM/bin/../lib/gcc/arm-none-eabi/12.1.0/../../../../arm-none-eabi/lib/armv6k/fpu/libg.a(lib_a-fvwrite.o)
                0x0000000000124cc0                __sfvwrite_r
 .text.rshift   0x0000000000125174       0xf0 /opt/devkitpro/devkitARM/bin/../lib/gcc/arm-none-eabi/12.1.0/../../../../arm-none-eabi/lib/armv6k/fpu/libg.a(lib_a-gdtoa-gethex.o)
 .text.__gethex
                0x0000000000125264      0x814 /opt/devkitpro/devkitARM/bin/../lib/gcc/arm-none-eabi/12.1.0/../../../../arm-none-eabi/lib/armv6k/fpu/libg.a(lib_a-gdtoa-gethex.o)
                0x0000000000125264                __gethex
 .text.__match  0x0000000000125a78       0x4c /opt/devkitpro/devkitARM/bin/../lib/gcc/arm-none-eabi/12.1.0/../../../../arm-none-eabi/lib/armv6k/fpu/libg.a(lib_a-gdtoa-hexnan.o)
                0x0000000000125a78                __match
 .text.__hexnan
                0x0000000000125ac4      0x29c /opt/devkitpro/devkitARM/bin/../lib/gcc/arm-none-eabi/12.1.0/../../../../arm-none-eabi/lib/armv6k/fpu/libg.a(lib_a-gdtoa-hexnan.o)
                0x0000000000125ac4                __hexnan
 .text.iswspace_l
                0x0000000000125d60       0x3c /opt/devkitpro/devkitARM/bin/../lib/gcc/arm-none-eabi/12.1.0/../../../../arm-none-eabi/lib/armv6k/fpu/libg.a(lib_a-iswspace_l.o)
                0x0000000000125d60                iswspace_l
 .text.__jp2uc  0x0000000000125d9c      0x1d8 /opt/devkitpro/devkitARM/bin/../lib/gcc/arm-none-eabi/12.1.0/../../../../arm-none-eabi/lib/armv6k/fpu/libg.a(lib_a-jp2uc.o)
 .text._jp2uc_l
                0x0000000000125f74       0x9c /opt/devkitpro/devkitARM/bin/../lib/gcc/arm-none-eabi/12.1.0/../../../../arm-none-eabi/lib/armv6k/fpu/libg.a(lib_a-jp2uc.o)
                0x0000000000125f74                _jp2uc_l
 .text.memmove  0x0000000000126010      0x150 /opt/devkitpro/devkitARM/bin/../lib/gcc/arm-none-eabi/12.1.0/../../../../arm-none-eabi/lib/armv6k/fpu/libg.a(lib_a-memmove.o)
                0x0000000000126010                memmove